../STM32F103-SDCARD/Lib/sdlib/fatfs_sd.c:18:13:SELECT	8	static
../STM32F103-SDCARD/Lib/sdlib/fatfs_sd.c:24:13:DESELECT	8	static
../STM32F103-SDCARD/Lib/sdlib/fatfs_sd.c:30:13:SPI_TxByte	16	static
../STM32F103-SDCARD/Lib/sdlib/fatfs_sd.c:36:16:SPI_RxByte	16	static
../STM32F103-SDCARD/Lib/sdlib/fatfs_sd.c:48:13:SPI_RxBytePtr	16	static
../STM32F103-SDCARD/Lib/sdlib/fatfs_sd.c:54:16:SD_ReadyWait	16	static
../STM32F103-SDCARD/Lib/sdlib/fatfs_sd.c:72:13:SD_PowerOn	32	static
../STM32F103-SDCARD/Lib/sdlib/fatfs_sd.c:115:13:SD_PowerOff	4	static
../STM32F103-SDCARD/Lib/sdlib/fatfs_sd.c:121:16:SD_CheckPower	4	static
../STM32F103-SDCARD/Lib/sdlib/fatfs_sd.c:128:13:SD_RxDataBlock	24	static
../STM32F103-SDCARD/Lib/sdlib/fatfs_sd.c:160:13:SD_TxDataBlock	24	static
../STM32F103-SDCARD/Lib/sdlib/fatfs_sd.c:211:13:SD_SendCmd	24	static
../STM32F103-SDCARD/Lib/sdlib/fatfs_sd.c:257:9:SD_disk_initialize	32	static
../STM32F103-SDCARD/Lib/sdlib/fatfs_sd.c:360:9:SD_disk_status	16	static
../STM32F103-SDCARD/Lib/sdlib/fatfs_sd.c:369:9:SD_disk_read	24	static
../STM32F103-SDCARD/Lib/sdlib/fatfs_sd.c:413:9:SD_disk_write	24	static
../STM32F103-SDCARD/Lib/sdlib/fatfs_sd.c:468:9:SD_disk_ioctl	56	static
