Archive member included to satisfy reference by file (symbol)

/home/khanhtranvan/Downloads/makeself_dir_7qmUQT/y/plugins/com.st.stm32cube.ide.mcu.externaltools.gnu-tools-for-stm32.14.3.rel1.linux64_1.0.100.202602081740/tools/bin/../lib/gcc/arm-none-eabi/14.3.1/../../../../arm-none-eabi/lib/thumb/v7-m/nofp/libc_nano.a(libc_a-exit.o)
                              /home/khanhtranvan/Downloads/makeself_dir_7qmUQT/y/plugins/com.st.stm32cube.ide.mcu.externaltools.gnu-tools-for-stm32.14.3.rel1.linux64_1.0.100.202602081740/tools/bin/../lib/gcc/arm-none-eabi/14.3.1/../../../../arm-none-eabi/lib/thumb/v7-m/nofp/crt0.o (exit)
/home/khanhtranvan/Downloads/makeself_dir_7qmUQT/y/plugins/com.st.stm32cube.ide.mcu.externaltools.gnu-tools-for-stm32.14.3.rel1.linux64_1.0.100.202602081740/tools/bin/../lib/gcc/arm-none-eabi/14.3.1/../../../../arm-none-eabi/lib/thumb/v7-m/nofp/libc_nano.a(libc_a-findfp.o)
                              /home/khanhtranvan/Downloads/makeself_dir_7qmUQT/y/plugins/com.st.stm32cube.ide.mcu.externaltools.gnu-tools-for-stm32.14.3.rel1.linux64_1.0.100.202602081740/tools/bin/../lib/gcc/arm-none-eabi/14.3.1/../../../../arm-none-eabi/lib/thumb/v7-m/nofp/libc_nano.a(libc_a-exit.o) (__stdio_exit_handler)
/home/khanhtranvan/Downloads/makeself_dir_7qmUQT/y/plugins/com.st.stm32cube.ide.mcu.externaltools.gnu-tools-for-stm32.14.3.rel1.linux64_1.0.100.202602081740/tools/bin/../lib/gcc/arm-none-eabi/14.3.1/../../../../arm-none-eabi/lib/thumb/v7-m/nofp/libc_nano.a(libc_a-fwalk.o)
                              /home/khanhtranvan/Downloads/makeself_dir_7qmUQT/y/plugins/com.st.stm32cube.ide.mcu.externaltools.gnu-tools-for-stm32.14.3.rel1.linux64_1.0.100.202602081740/tools/bin/../lib/gcc/arm-none-eabi/14.3.1/../../../../arm-none-eabi/lib/thumb/v7-m/nofp/libc_nano.a(libc_a-findfp.o) (_fwalk_sglue)
/home/khanhtranvan/Downloads/makeself_dir_7qmUQT/y/plugins/com.st.stm32cube.ide.mcu.externaltools.gnu-tools-for-stm32.14.3.rel1.linux64_1.0.100.202602081740/tools/bin/../lib/gcc/arm-none-eabi/14.3.1/../../../../arm-none-eabi/lib/thumb/v7-m/nofp/libc_nano.a(libc_a-sprintf.o)
                              ./ST7789-STM32_STD_Lib/ST7789/st7789.o (sprintf)
/home/khanhtranvan/Downloads/makeself_dir_7qmUQT/y/plugins/com.st.stm32cube.ide.mcu.externaltools.gnu-tools-for-stm32.14.3.rel1.linux64_1.0.100.202602081740/tools/bin/../lib/gcc/arm-none-eabi/14.3.1/../../../../arm-none-eabi/lib/thumb/v7-m/nofp/libc_nano.a(libc_a-stdio.o)
                              /home/khanhtranvan/Downloads/makeself_dir_7qmUQT/y/plugins/com.st.stm32cube.ide.mcu.externaltools.gnu-tools-for-stm32.14.3.rel1.linux64_1.0.100.202602081740/tools/bin/../lib/gcc/arm-none-eabi/14.3.1/../../../../arm-none-eabi/lib/thumb/v7-m/nofp/libc_nano.a(libc_a-findfp.o) (__sread)
/home/khanhtranvan/Downloads/makeself_dir_7qmUQT/y/plugins/com.st.stm32cube.ide.mcu.externaltools.gnu-tools-for-stm32.14.3.rel1.linux64_1.0.100.202602081740/tools/bin/../lib/gcc/arm-none-eabi/14.3.1/../../../../arm-none-eabi/lib/thumb/v7-m/nofp/libc_nano.a(libc_a-memset.o)
                              /home/khanhtranvan/Downloads/makeself_dir_7qmUQT/y/plugins/com.st.stm32cube.ide.mcu.externaltools.gnu-tools-for-stm32.14.3.rel1.linux64_1.0.100.202602081740/tools/bin/../lib/gcc/arm-none-eabi/14.3.1/../../../../arm-none-eabi/lib/thumb/v7-m/nofp/crt0.o (memset)
/home/khanhtranvan/Downloads/makeself_dir_7qmUQT/y/plugins/com.st.stm32cube.ide.mcu.externaltools.gnu-tools-for-stm32.14.3.rel1.linux64_1.0.100.202602081740/tools/bin/../lib/gcc/arm-none-eabi/14.3.1/../../../../arm-none-eabi/lib/thumb/v7-m/nofp/libc_nano.a(libc_a-strncpy.o)
                              ./APP/file_browser.o (strncpy)
/home/khanhtranvan/Downloads/makeself_dir_7qmUQT/y/plugins/com.st.stm32cube.ide.mcu.externaltools.gnu-tools-for-stm32.14.3.rel1.linux64_1.0.100.202602081740/tools/bin/../lib/gcc/arm-none-eabi/14.3.1/../../../../arm-none-eabi/lib/thumb/v7-m/nofp/libc_nano.a(libc_a-closer.o)
                              /home/khanhtranvan/Downloads/makeself_dir_7qmUQT/y/plugins/com.st.stm32cube.ide.mcu.externaltools.gnu-tools-for-stm32.14.3.rel1.linux64_1.0.100.202602081740/tools/bin/../lib/gcc/arm-none-eabi/14.3.1/../../../../arm-none-eabi/lib/thumb/v7-m/nofp/libc_nano.a(libc_a-stdio.o) (_close_r)
/home/khanhtranvan/Downloads/makeself_dir_7qmUQT/y/plugins/com.st.stm32cube.ide.mcu.externaltools.gnu-tools-for-stm32.14.3.rel1.linux64_1.0.100.202602081740/tools/bin/../lib/gcc/arm-none-eabi/14.3.1/../../../../arm-none-eabi/lib/thumb/v7-m/nofp/libc_nano.a(libc_a-reent.o)
                              /home/khanhtranvan/Downloads/makeself_dir_7qmUQT/y/plugins/com.st.stm32cube.ide.mcu.externaltools.gnu-tools-for-stm32.14.3.rel1.linux64_1.0.100.202602081740/tools/bin/../lib/gcc/arm-none-eabi/14.3.1/../../../../arm-none-eabi/lib/thumb/v7-m/nofp/libc_nano.a(libc_a-closer.o) (errno)
[...]
Memory Configuration

Name             Origin             Length             Attributes
RAM              0x20000000         0x00005000         xrw
FLASH            0x08000000         0x00010000         xr
*default*        0x00000000         0xffffffff

Linker script and memory map

LOAD /home/khanhtranvan/Downloads/makeself_dir_7qmUQT/y/plugins/com.st.stm32cube.ide.mcu.externaltools.gnu-tools-for-stm32.14.3.rel1.linux64_1.0.100.202602081740/tools/bin/../lib/gcc/arm-none-eabi/14.3.1/thumb/v7-m/nofp/crti.o
LOAD /home/khanhtranvan/Downloads/makeself_dir_7qmUQT/y/plugins/com.st.stm32cube.ide.mcu.externaltools.gnu-tools-for-stm32.14.3.rel1.linux64_1.0.100.202602081740/tools/bin/../lib/gcc/arm-none-eabi/14.3.1/thumb/v7-m/nofp/crtbegin.o
LOAD /home/khanhtranvan/Downloads/makeself_dir_7qmUQT/y/plugins/com.st.stm32cube.ide.mcu.externaltools.gnu-tools-for-stm32.14.3.rel1.linux64_1.0.100.202602081740/tools/bin/../lib/gcc/arm-none-eabi/14.3.1/../../../../arm-none-eabi/lib/thumb/v7-m/nofp/crt0.o
LOAD ./APP/button.o
LOAD ./APP/file_browser.o
LOAD ./APP/grbl_com.o
LOAD ./APP/pc_com.o
LOAD ./Interrupt/stm32f10x_it.o
LOAD ./Libraries/STM32F10x_StdPeriph_Driver/src/misc.o
LOAD ./Libraries/STM32F10x_StdPeriph_Driver/src/stm32f10x_adc.o
LOAD ./Libraries/STM32F10x_StdPeriph_Driver/src/stm32f10x_bkp.o
LOAD ./Libraries/STM32F10x_StdPeriph_Driver/src/stm32f10x_can.o
LOAD ./Libraries/STM32F10x_StdPeriph_Driver/src/stm32f10x_cec.o
LOAD ./Libraries/STM32F10x_StdPeriph_Driver/src/stm32f10x_crc.o
LOAD ./Libraries/STM32F10x_StdPeriph_Driver/src/stm32f10x_dac.o
LOAD ./Libraries/STM32F10x_StdPeriph_Driver/src/stm32f10x_dbgmcu.o
LOAD ./Libraries/STM32F10x_StdPeriph_Driver/src/stm32f10x_dma.o
LOAD ./Libraries/STM32F10x_StdPeriph_Driver/src/stm32f10x_exti.o
LOAD ./Libraries/STM32F10x_StdPeriph_Driver/src/stm32f10x_flash.o
LOAD ./Libraries/STM32F10x_StdPeriph_Driver/src/stm32f10x_fsmc.o
LOAD ./Libraries/STM32F10x_StdPeriph_Driver/src/stm32f10x_gpio.o
LOAD ./Libraries/STM32F10x_StdPeriph_Driver/src/stm32f10x_i2c.o
LOAD ./Libraries/STM32F10x_StdPeriph_Driver/src/stm32f10x_iwdg.o
LOAD ./Libraries/STM32F10x_StdPeriph_Driver/src/stm32f10x_pwr.o
LOAD ./Libraries/STM32F10x_StdPeriph_Driver/src/stm32f10x_rcc.o
LOAD ./Libraries/STM32F10x_StdPeriph_Driver/src/stm32f10x_rtc.o
LOAD ./Libraries/STM32F10x_StdPeriph_Driver/src/stm32f10x_sdio.o
LOAD ./Libraries/STM32F10x_StdPeriph_Driver/src/stm32f10x_spi.o
LOAD ./Libraries/STM32F10x_StdPeriph_Driver/src/stm32f10x_tim.o
LOAD ./Libraries/STM32F10x_StdPeriph_Driver/src/stm32f10x_usart.o
LOAD ./Libraries/STM32F10x_StdPeriph_Driver/src/stm32f10x_wwdg.o
LOAD ./ST7789-STM32_STD_Lib/ST7789/fonts.o
LOAD ./ST7789-STM32_STD_Lib/ST7789/st7789.o
LOAD ./STM32F103-SDCARD/BSP/sdcard.o
LOAD ./STM32F103-SDCARD/Driver/gpio.o
LOAD ./STM32F103-SDCARD/Driver/spi.o
LOAD ./STM32F103-SDCARD/Lib/sdlib/fatfs.o
LOAD ./STM32F103-SDCARD/Lib/sdlib/fatfs_sd.o
LOAD ./STM32F103-SDCARD/Lib/sdlib/user_diskio.o
LOAD ./STM32F103-SDCARD/Middleware/FatFs/src/diskio.o
LOAD ./STM32F103-SDCARD/Middleware/FatFs/src/ff.o
LOAD ./STM32F103-SDCARD/Middleware/FatFs/src/ff_gen_drv.o
LOAD ./Src/main.o
LOAD ./Src/syscalls.o
LOAD ./Src/sysmem.o
LOAD ./Src/system_stm32f10x.o
LOAD ./Startup/startup_stm32f103c8tx.o
START GROUP
LOAD /home/khanhtranvan/Downloads/makeself_dir_7qmUQT/y/plugins/com.st.stm32cube.ide.mcu.externaltools.gnu-tools-for-stm32.14.3.rel1.linux64_1.0.100.202602081740/tools/bin/../lib/gcc/arm-none-eabi/14.3.1/../../../../arm-none-eabi/lib/thumb/v7-m/nofp/libc_nano.a
LOAD /home/khanhtranvan/Downloads/makeself_dir_7qmUQT/y/plugins/com.st.stm32cube.ide.mcu.externaltools.gnu-tools-for-stm32.14.3.rel1.linux64_1.0.100.202602081740/tools/bin/../lib/gcc/arm-none-eabi/14.3.1/../../../../arm-none-eabi/lib/thumb/v7-m/nofp/libm.a
END GROUP
START GROUP
LOAD /home/khanhtranvan/Downloads/makeself_dir_7qmUQT/y/plugins/com.st.stm32cube.ide.mcu.externaltools.gnu-tools-for-stm32.14.3.rel1.linux64_1.0.100.202602081740/tools/bin/../lib/gcc/arm-none-eabi/14.3.1/thumb/v7-m/nofp/libgcc.a
LOAD /home/khanhtranvan/Downloads/makeself_dir_7qmUQT/y/plugins/com.st.stm32cube.ide.mcu.externaltools.gnu-tools-for-stm32.14.3.rel1.linux64_1.0.100.202602081740/tools/bin/../lib/gcc/arm-none-eabi/14.3.1/../../../../arm-none-eabi/lib/thumb/v7-m/nofp/libc_nano.a
END GROUP
START GROUP
LOAD /home/khanhtranvan/Downloads/makeself_dir_7qmUQT/y/plugins/com.st.stm32cube.ide.mcu.externaltools.gnu-tools-for-stm32.14.3.rel1.linux64_1.0.100.202602081740/tools/bin/../lib/gcc/arm-none-eabi/14.3.1/thumb/v7-m/nofp/libgcc.a
LOAD /home/khanhtranvan/Downloads/makeself_dir_7qmUQT/y/plugins/com.st.stm32cube.ide.mcu.externaltools.gnu-tools-for-stm32.14.3.rel1.linux64_1.0.100.202602081740/tools/bin/../lib/gcc/arm-none-eabi/14.3.1/../../../../arm-none-eabi/lib/thumb/v7-m/nofp/libc_nano.a
LOAD /home/khanhtranvan/Downloads/makeself_dir_7qmUQT/y/plugins/com.st.stm32cube.ide.mcu.externaltools.gnu-tools-for-stm32.14.3.rel1.linux64_1.0.100.202602081740/tools/bin/../lib/gcc/arm-none-eabi/14.3.1/../../../../arm-none-eabi/lib/thumb/v7-m/nofp/libnosys.a
END GROUP
START GROUP
LOAD /home/khanhtranvan/Downloads/makeself_dir_7qmUQT/y/plugins/com.st.stm32cube.ide.mcu.externaltools.gnu-tools-for-stm32.14.3.rel1.linux64_1.0.100.202602081740/tools/bin/../lib/gcc/arm-none-eabi/14.3.1/thumb/v7-m/nofp/libgcc.a
LOAD /home/khanhtranvan/Downloads/makeself_dir_7qmUQT/y/plugins/com.st.stm32cube.ide.mcu.externaltools.gnu-tools-for-stm32.14.3.rel1.linux64_1.0.100.202602081740/tools/bin/../lib/gcc/arm-none-eabi/14.3.1/../../../../arm-none-eabi/lib/thumb/v7-m/nofp/libc_nano.a
LOAD /home/khanhtranvan/Downloads/makeself_dir_7qmUQT/y/plugins/com.st.stm32cube.ide.mcu.externaltools.gnu-tools-for-stm32.14.3.rel1.linux64_1.0.100.202602081740/tools/bin/../lib/gcc/arm-none-eabi/14.3.1/../../../../arm-none-eabi/lib/thumb/v7-m/nofp/libnosys.a
END GROUP
LOAD /home/khanhtranvan/Downloads/makeself_dir_7qmUQT/y/plugins/com.st.stm32cube.ide.mcu.externaltools.gnu-tools-for-stm32.14.3.rel1.linux64_1.0.100.202602081740/tools/bin/../lib/gcc/arm-none-eabi/14.3.1/thumb/v7-m/nofp/crtend.o
LOAD /home/khanhtranvan/Downloads/makeself_dir_7qmUQT/y/plugins/com.st.stm32cube.ide.mcu.externaltools.gnu-tools-for-stm32.14.3.rel1.linux64_1.0.100.202602081740/tools/bin/../lib/gcc/arm-none-eabi/14.3.1/thumb/v7-m/nofp/crtn.o
                0x20005000                        _estack = (ORIGIN (RAM) + LENGTH (RAM))
                0x00000200                        _Min_Heap_Size = 0x200
                0x00000400                        _Min_Stack_Size = 0x400

.isr_vector     0x08000000      0x130
                0x08000000                        . = ALIGN (0x4)
 *(.isr_vector)
 .isr_vector    0x08000000      0x130 ./Startup/startup_stm32f103c8tx.o
                0x08000000                g_pfnVectors
                0x08000130                        . = ALIGN (0x4)

.text           0x08000130     0x6ef0
                0x08000130                        . = ALIGN (0x4)
 *(.text)
 .text          0x08000130       0x40 /home/khanhtranvan/Downloads/makeself_dir_7qmUQT/y/plugins/com.st.stm32cube.ide.mcu.externaltools.gnu-tools-for-stm32.14.3.rel1.linux64_1.0.100.202602081740/tools/bin/../lib/gcc/arm-none-eabi/14.3.1/thumb/v7-m/nofp/crtbegin.o
 .text          0x08000170       0x10 /home/khanhtranvan/Downloads/makeself_dir_7qmUQT/y/plugins/com.st.stm32cube.ide.mcu.externaltools.gnu-tools-for-stm32.14.3.rel1.linux64_1.0.100.202602081740/tools/bin/../lib/gcc/arm-none-eabi/14.3.1/../../../../arm-none-eabi/lib/thumb/v7-m/nofp/libc_nano.a(libc_a-strlen.o)
                0x08000170                strlen
 *(.text*)
 .text.Button_Delay
                0x08000180       0x28 ./APP/button.o
 .text.Button_Init
                0x080001a8       0x30 ./APP/button.o
                0x080001a8                Button_Init
 .text.Button_Scan_Single
                0x080001d8      0x1a4 ./APP/button.o
                0x080001d8                Button_Scan_Single
 .text.Button_Scan_Continuous
                0x0800037c       0xc0 ./APP/button.o
                0x0800037c                Button_Scan_Continuous
 .text.Browser_ScanFiles
                0x0800043c       0xe0 ./APP/file_browser.o
                0x0800043c                Browser_ScanFiles
 .text.Draw_ListItem
                0x0800051c      0x110 ./APP/file_browser.o
 .text.Browser_DrawUI
                0x0800062c      0x114 ./APP/file_browser.o
                0x0800062c                Browser_DrawUI
 .text.Browser_ProcessInput
                0x08000740      0x124 ./APP/file_browser.o
                0x08000740                Browser_ProcessInput
 .text.Browser_Init
                0x08000864       0x1c ./APP/file_browser.o
                0x08000864                Browser_Init
 .text.GRBL_Init
                0x08000880       0xa4 ./APP/grbl_com.o
                0x08000880                GRBL_Init
 .text.USART1_IRQHandler
                0x08000924       0x94 ./APP/grbl_com.o
                0x08000924                USART1_IRQHandler
 .text.GRBL_SendChar
                0x080009b8       0x34 ./APP/grbl_com.o
                0x080009b8                GRBL_SendChar
 .text.GRBL_SendString
                0x080009ec       0x2a ./APP/grbl_com.o
                0x080009ec                GRBL_SendString
 *fill*         0x08000a16        0x2 
 .text.GRBL_WaitForOK
                0x08000a18      0x118 ./APP/grbl_com.o
                0x08000a18                GRBL_WaitForOK
 .text.NMI_Handler
                0x08000b30        0xc ./Interrupt/stm32f10x_it.o
                0x08000b30                NMI_Handler
 .text.HardFault_Handler
                0x08000b3c        0x8 ./Interrupt/stm32f10x_it.o
                0x08000b3c                HardFault_Handler
 .text.MemManage_Handler
                0x08000b44        0x8 ./Interrupt/stm32f10x_it.o
                0x08000b44                MemManage_Handler
 .text.BusFault_Handler
                0x08000b4c        0x8 ./Interrupt/stm32f10x_it.o
                0x08000b4c                BusFault_Handler
 .text.UsageFault_Handler
                0x08000b54        0x8 ./Interrupt/stm32f10x_it.o
                0x08000b54                UsageFault_Handler
 .text.SVC_Handler
                0x08000b5c        0xc ./Interrupt/stm32f10x_it.o
                0x08000b5c                SVC_Handler
 .text.DebugMon_Handler
                0x08000b68        0xc ./Interrupt/stm32f10x_it.o
                0x08000b68                DebugMon_Handler
 .text.PendSV_Handler
                0x08000b74        0xc ./Interrupt/stm32f10x_it.o
                0x08000b74                PendSV_Handler
 .text.SysTick_Handler
                0x08000b80        0xc ./Interrupt/stm32f10x_it.o
                0x08000b80                SysTick_Handler
 .text.USART2_IRQHandler
                0x08000b8c        0xc ./Interrupt/stm32f10x_it.o
                0x08000b8c                USART2_IRQHandler
 .text.NVIC_Init
                0x08000b98       0xc4 ./Libraries/STM32F10x_StdPeriph_Driver/src/misc.o
                0x08000b98                NVIC_Init
 .text.GPIO_Init
                0x08000c5c      0x178 ./Libraries/STM32F10x_StdPeriph_Driver/src/stm32f10x_gpio.o
                0x08000c5c                GPIO_Init
 .text.GPIO_ReadInputDataBit
                0x08000dd4       0x32 ./Libraries/STM32F10x_StdPeriph_Driver/src/stm32f10x_gpio.o
                0x08000dd4                GPIO_ReadInputDataBit
 .text.GPIO_SetBits
                0x08000e06       0x1c ./Libraries/STM32F10x_StdPeriph_Driver/src/stm32f10x_gpio.o
                0x08000e06                GPIO_SetBits
 .text.GPIO_ResetBits
                0x08000e22       0x1c ./Libraries/STM32F10x_StdPeriph_Driver/src/stm32f10x_gpio.o
                0x08000e22                GPIO_ResetBits
 *fill*         0x08000e3e        0x2 
 .text.RCC_GetClocksFreq
                0x08000e40      0x16c ./Libraries/STM32F10x_StdPeriph_Driver/src/stm32f10x_rcc.o
                0x08000e40                RCC_GetClocksFreq
 .text.RCC_APB2PeriphClockCmd
                0x08000fac       0x3c ./Libraries/STM32F10x_StdPeriph_Driver/src/stm32f10x_rcc.o
                0x08000fac                RCC_APB2PeriphClockCmd
 .text.RCC_APB1PeriphClockCmd
                0x08000fe8       0x3c ./Libraries/STM32F10x_StdPeriph_Driver/src/stm32f10x_rcc.o
                0x08000fe8                RCC_APB1PeriphClockCmd
 .text.SPI_Init
                0x08001024       0x86 ./Libraries/STM32F10x_StdPeriph_Driver/src/stm32f10x_spi.o
                0x08001024                SPI_Init
 .text.SPI_StructInit
                0x080010aa       0x48 ./Libraries/STM32F10x_StdPeriph_Driver/src/stm32f10x_spi.o
                0x080010aa                SPI_StructInit
 .text.SPI_Cmd  0x080010f2       0x3e ./Libraries/STM32F10x_StdPeriph_Driver/src/stm32f10x_spi.o
                0x080010f2                SPI_Cmd
 .text.SPI_I2S_SendData
                0x08001130       0x1c ./Libraries/STM32F10x_StdPeriph_Driver/src/stm32f10x_spi.o
                0x08001130                SPI_I2S_SendData
 .text.SPI_SSOutputCmd
                0x0800114c       0x3e ./Libraries/STM32F10x_StdPeriph_Driver/src/stm32f10x_spi.o
                0x0800114c                SPI_SSOutputCmd
 .text.SPI_I2S_GetFlagStatus
                0x0800118a       0x36 ./Libraries/STM32F10x_StdPeriph_Driver/src/stm32f10x_spi.o
                0x0800118a                SPI_I2S_GetFlagStatus
 .text.USART_Init
                0x080011c0      0x174 ./Libraries/STM32F10x_StdPeriph_Driver/src/stm32f10x_usart.o
                0x080011c0                USART_Init
 .text.USART_Cmd
                0x08001334       0x3e ./Libraries/STM32F10x_StdPeriph_Driver/src/stm32f10x_usart.o
                0x08001334                USART_Cmd
 .text.USART_ITConfig
                0x08001372       0x8e ./Libraries/STM32F10x_StdPeriph_Driver/src/stm32f10x_usart.o
                0x08001372                USART_ITConfig
 .text.USART_SendData
                0x08001400       0x22 ./Libraries/STM32F10x_StdPeriph_Driver/src/stm32f10x_usart.o
                0x08001400                USART_SendData
 .text.USART_ReceiveData
                0x08001422       0x1e ./Libraries/STM32F10x_StdPeriph_Driver/src/stm32f10x_usart.o
                0x08001422                USART_ReceiveData
 .text.USART_GetFlagStatus
                0x08001440       0x36 ./Libraries/STM32F10x_StdPeriph_Driver/src/stm32f10x_usart.o
                0x08001440                USART_GetFlagStatus
 .text.USART_GetITStatus
                0x08001476       0xb4 ./Libraries/STM32F10x_StdPeriph_Driver/src/stm32f10x_usart.o
                0x08001476                USART_GetITStatus
 *fill*         0x0800152a        0x2 
 .text.Delay    0x0800152c       0x28 ./ST7789-STM32_STD_Lib/ST7789/st7789.o
                0x0800152c                Delay
 .text.TimingDelay_Decrement
                0x08001554       0x24 ./ST7789-STM32_STD_Lib/ST7789/st7789.o
                0x08001554                TimingDelay_Decrement
 .text.SPI_WriteByte
                0x08001578       0x54 ./ST7789-STM32_STD_Lib/ST7789/st7789.o
 .text.SPI_WriteBuffer
                0x080015cc       0x70 ./ST7789-STM32_STD_Lib/ST7789/st7789.o
 .text.ST7789_WriteCommand
                0x0800163c       0x44 ./ST7789-STM32_STD_Lib/ST7789/st7789.o
 .text.ST7789_WriteData
                0x08001680       0x54 ./ST7789-STM32_STD_Lib/ST7789/st7789.o
 .text.ST7789_WriteSmallData
                0x080016d4       0x2c ./ST7789-STM32_STD_Lib/ST7789/st7789.o
 .text.ST7789_SetRotation
                0x08001700       0x58 ./ST7789-STM32_STD_Lib/ST7789/st7789.o
                0x08001700                ST7789_SetRotation
 .text.ST7789_SetAddressWindow
                0x08001758       0xa4 ./ST7789-STM32_STD_Lib/ST7789/st7789.o
 .text.ST7789_Init
                0x080017fc      0x21c ./ST7789-STM32_STD_Lib/ST7789/st7789.o
                0x080017fc                ST7789_Init
 .text.ST7789_Fill_Color
                0x08001a18       0x68 ./ST7789-STM32_STD_Lib/ST7789/st7789.o
                0x08001a18                ST7789_Fill_Color
 .text.ST7789_DrawPixel
                0x08001a80       0x56 ./ST7789-STM32_STD_Lib/ST7789/st7789.o
                0x08001a80                ST7789_DrawPixel
 .text.ST7789_DrawLine
                0x08001ad6      0x11a ./ST7789-STM32_STD_Lib/ST7789/st7789.o
                0x08001ad6                ST7789_DrawLine
 .text.ST7789_DrawRectangle
                0x08001bf0       0x72 ./ST7789-STM32_STD_Lib/ST7789/st7789.o
                0x08001bf0                ST7789_DrawRectangle
 .text.ST7789_WriteChar
                0x08001c62       0xe6 ./ST7789-STM32_STD_Lib/ST7789/st7789.o
                0x08001c62                ST7789_WriteChar
 .text.ST7789_WriteString
                0x08001d48       0x92 ./ST7789-STM32_STD_Lib/ST7789/st7789.o
                0x08001d48                ST7789_WriteString
 .text.ST7789_DrawFilledRectangle
                0x08001dda       0xa0 ./ST7789-STM32_STD_Lib/ST7789/st7789.o
                0x08001dda                ST7789_DrawFilledRectangle
 .text.InitSdcard
                0x08001e7a       0x14 ./STM32F103-SDCARD/BSP/sdcard.o
                0x08001e7a                InitSdcard
 *fill*         0x08001e8e        0x2 
 .text._mountSdcard
                0x08001e90       0x54 ./STM32F103-SDCARD/BSP/sdcard.o
                0x08001e90                _mountSdcard
 .text.sdcardErrorHandle
                0x08001ee4       0x10 ./STM32F103-SDCARD/BSP/sdcard.o
                0x08001ee4                sdcardErrorHandle
 .text.initGpio
                0x08001ef4       0x54 ./STM32F103-SDCARD/Driver/gpio.o
                0x08001ef4                initGpio
 .text.initSpi  0x08001f48       0x94 ./STM32F103-SDCARD/Driver/spi.o
                0x08001f48                initSpi
 .text.SpiTransceiveByte
                0x08001fdc       0x38 ./STM32F103-SDCARD/Driver/spi.o
                0x08001fdc                SpiTransceiveByte
 .text.SpiCsLow
                0x08002014       0x18 ./STM32F103-SDCARD/Driver/spi.o
                0x08002014                SpiCsLow
 .text.SpiCsHigh
                0x0800202c       0x18 ./STM32F103-SDCARD/Driver/spi.o
                0x0800202c                SpiCsHigh
 .text.MX_FATFS_Init
                0x08002044       0x24 ./STM32F103-SDCARD/Lib/sdlib/fatfs.o
                0x08002044                MX_FATFS_Init
 .text.get_fattime
                0x08002068        0xe ./STM32F103-SDCARD/Lib/sdlib/fatfs.o
                0x08002068                get_fattime
 .text.SELECT   0x08002076        0xc ./STM32F103-SDCARD/Lib/sdlib/fatfs_sd.o
 .text.DESELECT
                0x08002082        0xc ./STM32F103-SDCARD/Lib/sdlib/fatfs_sd.o
 .text.SPI_TxByte
                0x0800208e       0x1a ./STM32F103-SDCARD/Lib/sdlib/fatfs_sd.o
 .text.SPI_RxByte
                0x080020a8       0x24 ./STM32F103-SDCARD/Lib/sdlib/fatfs_sd.o
 .text.SPI_RxBytePtr
                0x080020cc       0x1c ./STM32F103-SDCARD/Lib/sdlib/fatfs_sd.o
 .text.SD_ReadyWait
                0x080020e8       0x34 ./STM32F103-SDCARD/Lib/sdlib/fatfs_sd.o
 .text.SD_PowerOn
                0x0800211c       0x98 ./STM32F103-SDCARD/Lib/sdlib/fatfs_sd.o
 .text.SD_PowerOff
                0x080021b4       0x18 ./STM32F103-SDCARD/Lib/sdlib/fatfs_sd.o
 .text.SD_CheckPower
                0x080021cc       0x14 ./STM32F103-SDCARD/Lib/sdlib/fatfs_sd.o
 .text.SD_RxDataBlock
                0x080021e0       0x6c ./STM32F103-SDCARD/Lib/sdlib/fatfs_sd.o
 .text.SD_TxDataBlock
                0x0800224c       0xa8 ./STM32F103-SDCARD/Lib/sdlib/fatfs_sd.o
 .text.SD_SendCmd
                0x080022f4       0xa4 ./STM32F103-SDCARD/Lib/sdlib/fatfs_sd.o
 .text.SD_disk_initialize
                0x08002398      0x1cc ./STM32F103-SDCARD/Lib/sdlib/fatfs_sd.o
                0x08002398                SD_disk_initialize
 .text.SD_disk_status
                0x08002564       0x28 ./STM32F103-SDCARD/Lib/sdlib/fatfs_sd.o
                0x08002564                SD_disk_status
 .text.SD_disk_read
                0x0800258c       0xd4 ./STM32F103-SDCARD/Lib/sdlib/fatfs_sd.o
                0x0800258c                SD_disk_read
 .text.SD_disk_write
                0x08002660      0x108 ./STM32F103-SDCARD/Lib/sdlib/fatfs_sd.o
                0x08002660                SD_disk_write
 .text.SD_disk_ioctl
                0x08002768      0x260 ./STM32F103-SDCARD/Lib/sdlib/fatfs_sd.o
                0x08002768                SD_disk_ioctl
 .text.USER_initialize
                0x080029c8       0x1c ./STM32F103-SDCARD/Lib/sdlib/user_diskio.o
                0x080029c8                USER_initialize
 .text.USER_status
                0x080029e4       0x1c ./STM32F103-SDCARD/Lib/sdlib/user_diskio.o
                0x080029e4                USER_status
 .text.USER_read
                0x08002a00       0x26 ./STM32F103-SDCARD/Lib/sdlib/user_diskio.o
                0x08002a00                USER_read
 .text.USER_write
                0x08002a26       0x26 ./STM32F103-SDCARD/Lib/sdlib/user_diskio.o
                0x08002a26                USER_write
 .text.USER_ioctl
                0x08002a4c       0x26 ./STM32F103-SDCARD/Lib/sdlib/user_diskio.o
                0x08002a4c                USER_ioctl
 *fill*         0x08002a72        0x2 
 .text.disk_status
                0x08002a74       0x34 ./STM32F103-SDCARD/Middleware/FatFs/src/diskio.o
                0x08002a74                disk_status
 .text.disk_initialize
                0x08002aa8       0x4c ./STM32F103-SDCARD/Middleware/FatFs/src/diskio.o
                0x08002aa8                disk_initialize
 .text.disk_read
                0x08002af4       0x40 ./STM32F103-SDCARD/Middleware/FatFs/src/diskio.o
                0x08002af4                disk_read
 .text.disk_write
                0x08002b34       0x40 ./STM32F103-SDCARD/Middleware/FatFs/src/diskio.o
                0x08002b34                disk_write
 .text.disk_ioctl
                0x08002b74       0x3c ./STM32F103-SDCARD/Middleware/FatFs/src/diskio.o
                0x08002b74                disk_ioctl
 .text.mem_cpy  0x08002bb0       0x3c ./STM32F103-SDCARD/Middleware/FatFs/src/ff.o
 .text.mem_set  0x08002bec       0x34 ./STM32F103-SDCARD/Middleware/FatFs/src/ff.o
 .text.mem_cmp  0x08002c20       0x4c ./STM32F103-SDCARD/Middleware/FatFs/src/ff.o
 .text.chk_chr  0x08002c6c       0x34 ./STM32F103-SDCARD/Middleware/FatFs/src/ff.o
 .text.chk_lock
                0x08002ca0       0xe0 ./STM32F103-SDCARD/Middleware/FatFs/src/ff.o
 .text.enq_lock
                0x08002d80       0x48 ./STM32F103-SDCARD/Middleware/FatFs/src/ff.o
 .text.inc_lock
                0x08002dc8      0x178 ./STM32F103-SDCARD/Middleware/FatFs/src/ff.o
 .text.dec_lock
                0x08002f40       0x88 ./STM32F103-SDCARD/Middleware/FatFs/src/ff.o
 .text.clear_lock
                0x08002fc8       0x54 ./STM32F103-SDCARD/Middleware/FatFs/src/ff.o
 .text.sync_window
                0x0800301c       0xa4 ./STM32F103-SDCARD/Middleware/FatFs/src/ff.o
 .text.move_window
                0x080030c0       0x64 ./STM32F103-SDCARD/Middleware/FatFs/src/ff.o
 .text.sync_fs  0x08003124      0x17e ./STM32F103-SDCARD/Middleware/FatFs/src/ff.o
 .text.clust2sect
                0x080032a2       0x48 ./STM32F103-SDCARD/Middleware/FatFs/src/ff.o
                0x080032a2                clust2sect
 .text.get_fat  0x080032ea      0x1f8 ./STM32F103-SDCARD/Middleware/FatFs/src/ff.o
                0x080032ea                get_fat
 .text.put_fat  0x080034e2      0x2a6 ./STM32F103-SDCARD/Middleware/FatFs/src/ff.o
                0x080034e2                put_fat
 .text.remove_chain
                0x08003788       0xc2 ./STM32F103-SDCARD/Middleware/FatFs/src/ff.o
 .text.create_chain
                0x0800384a      0x150 ./STM32F103-SDCARD/Middleware/FatFs/src/ff.o
 .text.clmt_clust
                0x0800399a       0x80 ./STM32F103-SDCARD/Middleware/FatFs/src/ff.o
 .text.dir_sdi  0x08003a1a      0x19c ./STM32F103-SDCARD/Middleware/FatFs/src/ff.o
 .text.dir_next
                0x08003bb6      0x294 ./STM32F103-SDCARD/Middleware/FatFs/src/ff.o
 .text.dir_alloc
                0x08003e4a       0x9c ./STM32F103-SDCARD/Middleware/FatFs/src/ff.o
 .text.ld_clust
                0x08003ee6       0x60 ./STM32F103-SDCARD/Middleware/FatFs/src/ff.o
 .text.st_clust
                0x08003f46       0x4c ./STM32F103-SDCARD/Middleware/FatFs/src/ff.o
 .text.dir_find
                0x08003f92       0xa6 ./STM32F103-SDCARD/Middleware/FatFs/src/ff.o
 .text.dir_read
                0x08004038       0xca ./STM32F103-SDCARD/Middleware/FatFs/src/ff.o
 .text.dir_register
                0x08004102       0x80 ./STM32F103-SDCARD/Middleware/FatFs/src/ff.o
 .text.get_fileinfo
                0x08004182       0xea ./STM32F103-SDCARD/Middleware/FatFs/src/ff.o
 .text.create_name
                0x0800426c      0x184 ./STM32F103-SDCARD/Middleware/FatFs/src/ff.o
 .text.follow_path
                0x080043f0       0xec ./STM32F103-SDCARD/Middleware/FatFs/src/ff.o
 .text.get_ldnumber
                0x080044dc       0x86 ./STM32F103-SDCARD/Middleware/FatFs/src/ff.o
 *fill*         0x08004562        0x2 
 .text.check_fs
                0x08004564       0xdc ./STM32F103-SDCARD/Middleware/FatFs/src/ff.o
 .text.find_volume
                0x08004640      0x670 ./STM32F103-SDCARD/Middleware/FatFs/src/ff.o
 .text.validate
                0x08004cb0       0x76 ./STM32F103-SDCARD/Middleware/FatFs/src/ff.o
 *fill*         0x08004d26        0x2 
 .text.f_mount  0x08004d28       0x94 ./STM32F103-SDCARD/Middleware/FatFs/src/ff.o
                0x08004d28                f_mount
 .text.f_open   0x08004dbc      0x604 ./STM32F103-SDCARD/Middleware/FatFs/src/ff.o
                0x08004dbc                f_open
 .text.f_read   0x080053c0      0x3d0 ./STM32F103-SDCARD/Middleware/FatFs/src/ff.o
                0x080053c0                f_read
 .text.f_sync   0x08005790      0x19c ./STM32F103-SDCARD/Middleware/FatFs/src/ff.o
                0x08005790                f_sync
 .text.f_close  0x0800592c       0x56 ./STM32F103-SDCARD/Middleware/FatFs/src/ff.o
                0x0800592c                f_close
 .text.f_opendir
                0x08005982      0x124 ./STM32F103-SDCARD/Middleware/FatFs/src/ff.o
                0x08005982                f_opendir
 .text.f_closedir
                0x08005aa6       0x52 ./STM32F103-SDCARD/Middleware/FatFs/src/ff.o
                0x08005aa6                f_closedir
 .text.f_readdir
                0x08005af8       0x98 ./STM32F103-SDCARD/Middleware/FatFs/src/ff.o
                0x08005af8                f_readdir
 .text.f_gets   0x08005b90       0x7c ./STM32F103-SDCARD/Middleware/FatFs/src/ff.o
                0x08005b90                f_gets
 .text.FATFS_LinkDriverEx
                0x08005c0c       0x94 ./STM32F103-SDCARD/Middleware/FatFs/src/ff_gen_drv.o
                0x08005c0c                FATFS_LinkDriverEx
 .text.FATFS_LinkDriver
                0x08005ca0       0x1e ./STM32F103-SDCARD/Middleware/FatFs/src/ff_gen_drv.o
                0x08005ca0                FATFS_LinkDriver
 *fill*         0x08005cbe        0x2 
 .text.NVIC_SetPriority
                0x08005cc0       0x54 ./Src/main.o
 .text.SysTick_Config
                0x08005d14       0x44 ./Src/main.o
 .text.CNC_Halt_Error
                0x08005d58       0x80 ./Src/main.o
                0x08005d58                CNC_Halt_Error
 .text.main     0x08005dd8      0x674 ./Src/main.o
                0x08005dd8                main
 .text._sbrk    0x0800644c       0x6c ./Src/sysmem.o
                0x0800644c                _sbrk
 .text.SystemInit
                0x080064b8       0x68 ./Src/system_stm32f10x.o
                0x080064b8                SystemInit
 .text.SetSysClock
                0x08006520        0xc ./Src/system_stm32f10x.o
 .text.SetSysClockTo72
                0x0800652c      0x100 ./Src/system_stm32f10x.o
 .text.Reset_Handler
                0x0800662c       0x50 ./Startup/startup_stm32f103c8tx.o
                0x0800662c                Reset_Handler
 .text.Default_Handler
                0x0800667c        0x2 ./Startup/startup_stm32f103c8tx.o
                0x0800667c                EXTI2_IRQHandler
                0x0800667c                TIM8_TRG_COM_IRQHandler
                0x0800667c                TIM8_CC_IRQHandler
                0x0800667c                TIM1_CC_IRQHandler
                0x0800667c                TIM6_IRQHandler
                0x0800667c                PVD_IRQHandler
                0x0800667c                SDIO_IRQHandler
                0x0800667c                EXTI3_IRQHandler
                0x0800667c                USB_HP_CAN_TX_IRQHandler
                0x0800667c                EXTI0_IRQHandler
                0x0800667c                I2C2_EV_IRQHandler
                0x0800667c                ADC1_2_IRQHandler
                0x0800667c                SPI1_IRQHandler
                0x0800667c                CAN_SCE_IRQHandler
                0x0800667c                TAMPER_IRQHandler
                0x0800667c                TIM8_UP_IRQHandler
                0x0800667c                DMA2_Channel2_IRQHandler
                0x0800667c                DMA1_Channel4_IRQHandler
                0x0800667c                USART3_IRQHandler
                0x0800667c                RTC_IRQHandler
                0x0800667c                DMA1_Channel7_IRQHandler
                0x0800667c                UART5_IRQHandler
                0x0800667c                ADC3_IRQHandler
                0x0800667c                TIM4_IRQHandler
                0x0800667c                CAN_RX1_IRQHandler
                0x0800667c                DMA2_Channel1_IRQHandler
                0x0800667c                I2C1_EV_IRQHandler
                0x0800667c                DMA1_Channel6_IRQHandler
                0x0800667c                UART4_IRQHandler
                0x0800667c                TIM3_IRQHandler
                0x0800667c                RCC_IRQHandler
                0x0800667c                TIM1_TRG_COM_IRQHandler
                0x0800667c                DMA1_Channel1_IRQHandler
                0x0800667c                Default_Handler
                0x0800667c                EXTI15_10_IRQHandler
                0x0800667c                TIM7_IRQHandler
                0x0800667c                TIM5_IRQHandler
                0x0800667c                EXTI9_5_IRQHandler
                0x0800667c                SPI2_IRQHandler
                0x0800667c                USB_LP_CAN_RX0_IRQHandler
                0x0800667c                DMA1_Channel5_IRQHandler
                0x0800667c                EXTI4_IRQHandler
                0x0800667c                DMA1_Channel3_IRQHandler
                0x0800667c                FSMC_IRQHandler
                0x0800667c                TIM1_UP_IRQHandler
                0x0800667c                WWDG_IRQHandler
                0x0800667c                TIM2_IRQHandler
                0x0800667c                TIM1_BRK_IRQHandler
                0x0800667c                EXTI1_IRQHandler
                0x0800667c                RTCAlarm_IRQHandler
                0x0800667c                DMA2_Channel4_5_IRQHandler
                0x0800667c                I2C2_ER_IRQHandler
                0x0800667c                DMA1_Channel2_IRQHandler
                0x0800667c                TIM8_BRK_IRQHandler
                0x0800667c                FLASH_IRQHandler
                0x0800667c                SPI3_IRQHandler
                0x0800667c                I2C1_ER_IRQHandler
                0x0800667c                DMA2_Channel3_IRQHandler
 *fill*         0x0800667e        0x2 
 .text.sprintf  0x08006680       0x44 /home/khanhtranvan/Downloads/makeself_dir_7qmUQT/y/plugins/com.st.stm32cube.ide.mcu.externaltools.gnu-tools-for-stm32.14.3.rel1.linux64_1.0.100.202602081740/tools/bin/../lib/gcc/arm-none-eabi/14.3.1/../../../../arm-none-eabi/lib/thumb/v7-m/nofp/libc_nano.a(libc_a-sprintf.o)
                0x08006680                sprintf
                0x08006680                siprintf
 .text.strncpy  0x080066c4       0x26 /home/khanhtranvan/Downloads/makeself_dir_7qmUQT/y/plugins/com.st.stm32cube.ide.mcu.externaltools.gnu-tools-for-stm32.14.3.rel1.linux64_1.0.100.202602081740/tools/bin/../lib/gcc/arm-none-eabi/14.3.1/../../../../arm-none-eabi/lib/thumb/v7-m/nofp/libc_nano.a(libc_a-strncpy.o)
                0x080066c4                strncpy
 *fill*         0x080066ea        0x2 
 .text.__errno  0x080066ec        0xc /home/khanhtranvan/Downloads/makeself_dir_7qmUQT/y/plugins/com.st.stm32cube.ide.mcu.externaltools.gnu-tools-for-stm32.14.3.rel1.linux64_1.0.100.202602081740/tools/bin/../lib/gcc/arm-none-eabi/14.3.1/../../../../arm-none-eabi/lib/thumb/v7-m/nofp/libc_nano.a(libc_a-errno.o)
                0x080066ec                __errno
 .text.__libc_init_array
                0x080066f8       0x48 /home/khanhtranvan/Downloads/makeself_dir_7qmUQT/y/plugins/com.st.stm32cube.ide.mcu.externaltools.gnu-tools-for-stm32.14.3.rel1.linux64_1.0.100.202602081740/tools/bin/../lib/gcc/arm-none-eabi/14.3.1/../../../../arm-none-eabi/lib/thumb/v7-m/nofp/libc_nano.a(libc_a-init.o)
                0x080066f8                __libc_init_array
 .text.__retarget_lock_acquire_recursive
                0x08006740        0x2 /home/khanhtranvan/Downloads/makeself_dir_7qmUQT/y/plugins/com.st.stm32cube.ide.mcu.externaltools.gnu-tools-for-stm32.14.3.rel1.linux64_1.0.100.202602081740/tools/bin/../lib/gcc/arm-none-eabi/14.3.1/../../../../arm-none-eabi/lib/thumb/v7-m/nofp/libc_nano.a(libc_a-lock.o)
                0x08006740                __retarget_lock_acquire_recursive
 .text.__retarget_lock_release_recursive
                0x08006742        0x2 /home/khanhtranvan/Downloads/makeself_dir_7qmUQT/y/plugins/com.st.stm32cube.ide.mcu.externaltools.gnu-tools-for-stm32.14.3.rel1.linux64_1.0.100.202602081740/tools/bin/../lib/gcc/arm-none-eabi/14.3.1/../../../../arm-none-eabi/lib/thumb/v7-m/nofp/libc_nano.a(libc_a-lock.o)
                0x08006742                __retarget_lock_release_recursive
 .text._free_r  0x08006744       0x90 /home/khanhtranvan/Downloads/makeself_dir_7qmUQT/y/plugins/com.st.stm32cube.ide.mcu.externaltools.gnu-tools-for-stm32.14.3.rel1.linux64_1.0.100.202602081740/tools/bin/../lib/gcc/arm-none-eabi/14.3.1/../../../../arm-none-eabi/lib/thumb/v7-m/nofp/libc_nano.a(libc_a-freer.o)
                0x08006744                _free_r
 .text.sbrk_aligned
                0x080067d4       0x44 /home/khanhtranvan/Downloads/makeself_dir_7qmUQT/y/plugins/com.st.stm32cube.ide.mcu.externaltools.gnu-tools-for-stm32.14.3.rel1.linux64_1.0.100.202602081740/tools/bin/../lib/gcc/arm-none-eabi/14.3.1/../../../../arm-none-eabi/lib/thumb/v7-m/nofp/libc_nano.a(libc_a-mallocr.o)
 .text._malloc_r
                0x08006818      0x100 /home/khanhtranvan/Downloads/makeself_dir_7qmUQT/y/plugins/com.st.stm32cube.ide.mcu.externaltools.gnu-tools-for-stm32.14.3.rel1.linux64_1.0.100.202602081740/tools/bin/../lib/gcc/arm-none-eabi/14.3.1/../../../../arm-none-eabi/lib/thumb/v7-m/nofp/libc_nano.a(libc_a-mallocr.o)
                0x08006818                _malloc_r
 .text.__malloc_lock
                0x08006918        0xc /home/khanhtranvan/Downloads/makeself_dir_7qmUQT/y/plugins/com.st.stm32cube.ide.mcu.externaltools.gnu-tools-for-stm32.14.3.rel1.linux64_1.0.100.202602081740/tools/bin/../lib/gcc/arm-none-eabi/14.3.1/../../../../arm-none-eabi/lib/thumb/v7-m/nofp/libc_nano.a(libc_a-mlock.o)
                0x08006918                __malloc_lock
 .text.__malloc_unlock
                0x08006924        0xc /home/khanhtranvan/Downloads/makeself_dir_7qmUQT/y/plugins/com.st.stm32cube.ide.mcu.externaltools.gnu-tools-for-stm32.14.3.rel1.linux64_1.0.100.202602081740/tools/bin/../lib/gcc/arm-none-eabi/14.3.1/../../../../arm-none-eabi/lib/thumb/v7-m/nofp/libc_nano.a(libc_a-mlock.o)
                0x08006924                __malloc_unlock
 .text.__ssputs_r
                0x08006930       0xc0 /home/khanhtranvan/Downloads/makeself_dir_7qmUQT/y/plugins/com.st.stm32cube.ide.mcu.externaltools.gnu-tools-for-stm32.14.3.rel1.linux64_1.0.100.202602081740/tools/bin/../lib/gcc/arm-none-eabi/14.3.1/../../../../arm-none-eabi/lib/thumb/v7-m/nofp/libc_nano.a(libc_a-nano-svfprintf.o)
                0x08006930                __ssputs_r
 .text._svfprintf_r
                0x080069f0      0x1f0 /home/khanhtranvan/Downloads/makeself_dir_7qmUQT/y/plugins/com.st.stm32cube.ide.mcu.externaltools.gnu-tools-for-stm32.14.3.rel1.linux64_1.0.100.202602081740/tools/bin/../lib/gcc/arm-none-eabi/14.3.1/../../../../arm-none-eabi/lib/thumb/v7-m/nofp/libc_nano.a(libc_a-nano-svfprintf.o)
                0x080069f0                _svfprintf_r
                0x080069f0                _svfiprintf_r
 .text._printf_common
                0x08006be0       0xe4 /home/khanhtranvan/Downloads/makeself_dir_7qmUQT/y/plugins/com.st.stm32cube.ide.mcu.externaltools.gnu-tools-for-stm32.14.3.rel1.linux64_1.0.100.202602081740/tools/bin/../lib/gcc/arm-none-eabi/14.3.1/../../../../arm-none-eabi/lib/thumb/v7-m/nofp/libc_nano.a(libc_a-nano-vfprintf_i.o)
                0x08006be0                _printf_common
 .text._printf_i
                0x08006cc4      0x24c /home/khanhtranvan/Downloads/makeself_dir_7qmUQT/y/plugins/com.st.stm32cube.ide.mcu.externaltools.gnu-tools-for-stm32.14.3.rel1.linux64_1.0.100.202602081740/tools/bin/../lib/gcc/arm-none-eabi/14.3.1/../../../../arm-none-eabi/lib/thumb/v7-m/nofp/libc_nano.a(libc_a-nano-vfprintf_i.o)
                0x08006cc4                _printf_i
 .text.memmove  0x08006f10       0x32 /home/khanhtranvan/Downloads/makeself_dir_7qmUQT/y/plugins/com.st.stm32cube.ide.mcu.externaltools.gnu-tools-for-stm32.14.3.rel1.linux64_1.0.100.202602081740/tools/bin/../lib/gcc/arm-none-eabi/14.3.1/../../../../arm-none-eabi/lib/thumb/v7-m/nofp/libc_nano.a(libc_a-memmove.o)
                0x08006f10                memmove
 *fill*         0x08006f42        0x2 
 .text._sbrk_r  0x08006f44       0x20 /home/khanhtranvan/Downloads/makeself_dir_7qmUQT/y/plugins/com.st.stm32cube.ide.mcu.externaltools.gnu-tools-for-stm32.14.3.rel1.linux64_1.0.100.202602081740/tools/bin/../lib/gcc/arm-none-eabi/14.3.1/../../../../arm-none-eabi/lib/thumb/v7-m/nofp/libc_nano.a(libc_a-sbrkr.o)
                0x08006f44                _sbrk_r
 .text.memchr   0x08006f64       0x1c /home/khanhtranvan/Downloads/makeself_dir_7qmUQT/y/plugins/com.st.stm32cube.ide.mcu.externaltools.gnu-tools-for-stm32.14.3.rel1.linux64_1.0.100.202602081740/tools/bin/../lib/gcc/arm-none-eabi/14.3.1/../../../../arm-none-eabi/lib/thumb/v7-m/nofp/libc_nano.a(libc_a-memchr-stub.o)
                0x08006f64                memchr
 .text.memcpy   0x08006f80       0x1c /home/khanhtranvan/Downloads/makeself_dir_7qmUQT/y/plugins/com.st.stm32cube.ide.mcu.externaltools.gnu-tools-for-stm32.14.3.rel1.linux64_1.0.100.202602081740/tools/bin/../lib/gcc/arm-none-eabi/14.3.1/../../../../arm-none-eabi/lib/thumb/v7-m/nofp/libc_nano.a(libc_a-memcpy-stub.o)
                0x08006f80                memcpy
 .text._realloc_r
                0x08006f9c       0x5c /home/khanhtranvan/Downloads/makeself_dir_7qmUQT/y/plugins/com.st.stm32cube.ide.mcu.externaltools.gnu-tools-for-stm32.14.3.rel1.linux64_1.0.100.202602081740/tools/bin/../lib/gcc/arm-none-eabi/14.3.1/../../../../arm-none-eabi/lib/thumb/v7-m/nofp/libc_nano.a(libc_a-reallocr.o)
                0x08006f9c                _realloc_r
 .text._malloc_usable_size_r
                0x08006ff8       0x10 /home/khanhtranvan/Downloads/makeself_dir_7qmUQT/y/plugins/com.st.stm32cube.ide.mcu.externaltools.gnu-tools-for-stm32.14.3.rel1.linux64_1.0.100.202602081740/tools/bin/../lib/gcc/arm-none-eabi/14.3.1/../../../../arm-none-eabi/lib/thumb/v7-m/nofp/libc_nano.a(libc_a-msizer.o)
                0x08006ff8                _malloc_usable_size_r
 *(.glue_7)
 .glue_7        0x08007008        0x0 linker stubs
 *(.glue_7t)
 .glue_7t       0x08007008        0x0 linker stubs
 *(.eh_frame)
 .eh_frame      0x08007008        0x0 /home/khanhtranvan/Downloads/makeself_dir_7qmUQT/y/plugins/com.st.stm32cube.ide.mcu.externaltools.gnu-tools-for-stm32.14.3.rel1.linux64_1.0.100.202602081740/tools/bin/../lib/gcc/arm-none-eabi/14.3.1/thumb/v7-m/nofp/crtbegin.o
 *(.init)
 .init          0x08007008        0x4 /home/khanhtranvan/Downloads/makeself_dir_7qmUQT/y/plugins/com.st.stm32cube.ide.mcu.externaltools.gnu-tools-for-stm32.14.3.rel1.linux64_1.0.100.202602081740/tools/bin/../lib/gcc/arm-none-eabi/14.3.1/thumb/v7-m/nofp/crti.o
                0x08007008                _init
 .init          0x0800700c        0x8 /home/khanhtranvan/Downloads/makeself_dir_7qmUQT/y/plugins/com.st.stm32cube.ide.mcu.externaltools.gnu-tools-for-stm32.14.3.rel1.linux64_1.0.100.202602081740/tools/bin/../lib/gcc/arm-none-eabi/14.3.1/thumb/v7-m/nofp/crtn.o
 *(.fini)
 .fini          0x08007014        0x4 /home/khanhtranvan/Downloads/makeself_dir_7qmUQT/y/plugins/com.st.stm32cube.ide.mcu.externaltools.gnu-tools-for-stm32.14.3.rel1.linux64_1.0.100.202602081740/tools/bin/../lib/gcc/arm-none-eabi/14.3.1/thumb/v7-m/nofp/crti.o
                0x08007014                _fini
 .fini          0x08007018        0x8 /home/khanhtranvan/Downloads/makeself_dir_7qmUQT/y/plugins/com.st.stm32cube.ide.mcu.externaltools.gnu-tools-for-stm32.14.3.rel1.linux64_1.0.100.202602081740/tools/bin/../lib/gcc/arm-none-eabi/14.3.1/thumb/v7-m/nofp/crtn.o
                0x08007020                        . = ALIGN (0x4)
                0x08007020                        _etext = .

.vfp11_veneer   0x08007020        0x0
 .vfp11_veneer  0x08007020        0x0 linker stubs

.v4_bx          0x08007020        0x0
 .v4_bx         0x08007020        0x0 linker stubs

.iplt           0x08007020        0x0
 .iplt          0x08007020        0x0 /home/khanhtranvan/Downloads/makeself_dir_7qmUQT/y/plugins/com.st.stm32cube.ide.mcu.externaltools.gnu-tools-for-stm32.14.3.rel1.linux64_1.0.100.202602081740/tools/bin/../lib/gcc/arm-none-eabi/14.3.1/thumb/v7-m/nofp/crtbegin.o

.rodata         0x08007020     0x248c
                0x08007020                        . = ALIGN (0x4)
 *(.rodata)
 .rodata        0x08007020       0x28 ./APP/file_browser.o
 .rodata        0x08007048        0xb ./APP/grbl_com.o
 *fill*         0x08007053        0x1 
 .rodata        0x08007054       0x3c ./ST7789-STM32_STD_Lib/ST7789/st7789.o
 .rodata        0x08007090       0xd0 ./STM32F103-SDCARD/BSP/sdcard.o
 .rodata        0x08007160       0x44 ./STM32F103-SDCARD/Middleware/FatFs/src/ff.o
 .rodata        0x080071a4      0x198 ./Src/main.o
 *(.rodata*)
 .rodata.APBAHBPrescTable
                0x0800733c       0x10 ./Libraries/STM32F10x_StdPeriph_Driver/src/stm32f10x_rcc.o
 .rodata.ADCPrescTable
                0x0800734c        0x4 ./Libraries/STM32F10x_StdPeriph_Driver/src/stm32f10x_rcc.o
 .rodata.Font11x18
                0x08007350      0xd5c ./ST7789-STM32_STD_Lib/ST7789/fonts.o
 .rodata.Font16x26
                0x080080ac     0x134c ./ST7789-STM32_STD_Lib/ST7789/fonts.o
 .rodata.ExCvt  0x080093f8       0x80 ./STM32F103-SDCARD/Middleware/FatFs/src/ff.o
 .rodata._svfprintf_r.str1.1
                0x08009478       0x33 /home/khanhtranvan/Downloads/makeself_dir_7qmUQT/y/plugins/com.st.stm32cube.ide.mcu.externaltools.gnu-tools-for-stm32.14.3.rel1.linux64_1.0.100.202602081740/tools/bin/../lib/gcc/arm-none-eabi/14.3.1/../../../../arm-none-eabi/lib/thumb/v7-m/nofp/libc_nano.a(libc_a-nano-svfprintf.o)
                                 0x11 (size before relaxing)
 .rodata._printf_i.str1.1
                0x080094ab       0x22 /home/khanhtranvan/Downloads/makeself_dir_7qmUQT/y/plugins/com.st.stm32cube.ide.mcu.externaltools.gnu-tools-for-stm32.14.3.rel1.linux64_1.0.100.202602081740/tools/bin/../lib/gcc/arm-none-eabi/14.3.1/../../../../arm-none-eabi/lib/thumb/v7-m/nofp/libc_nano.a(libc_a-nano-vfprintf_i.o)
                0x080094d0                        . = ALIGN (0x4)
 *fill*         0x080094ab        0x1 

.ARM.extab      0x080094ac        0x0
                0x080094ac                        . = ALIGN (0x4)
 *(.ARM.extab* .gnu.linkonce.armextab.*)
                0x080094ac                        . = ALIGN (0x4)

.ARM            0x080094ac        0x8
                0x080094ac                        . = ALIGN (0x4)
                0x080094ac                        __exidx_start = .
 *(.ARM.exidx*)
 .ARM.exidx     0x080094ac        0x8 /home/khanhtranvan/Downloads/makeself_dir_7qmUQT/y/plugins/com.st.stm32cube.ide.mcu.externaltools.gnu-tools-for-stm32.14.3.rel1.linux64_1.0.100.202602081740/tools/bin/../lib/gcc/arm-none-eabi/14.3.1/../../../../arm-none-eabi/lib/thumb/v7-m/nofp/libc_nano.a(libc_a-strlen.o)
                0x080094b4                        __exidx_end = .
                0x080094b4                        . = ALIGN (0x4)

.preinit_array  0x080094b4        0x0
                0x080094b4                        . = ALIGN (0x4)
                0x080094b4                        PROVIDE (__preinit_array_start = .)
 *(.preinit_array*)
                0x080094b4                        PROVIDE (__preinit_array_end = .)
                0x080094b4                        . = ALIGN (0x4)

.init_array     0x080094b4        0x4
                0x080094b4                        . = ALIGN (0x4)
                0x080094b4                        PROVIDE (__init_array_start = .)
 *(SORT_BY_NAME(.init_array.*))
 *(.init_array*)
 .init_array    0x080094b4        0x4 /home/khanhtranvan/Downloads/makeself_dir_7qmUQT/y/plugins/com.st.stm32cube.ide.mcu.externaltools.gnu-tools-for-stm32.14.3.rel1.linux64_1.0.100.202602081740/tools/bin/../lib/gcc/arm-none-eabi/14.3.1/thumb/v7-m/nofp/crtbegin.o
                0x080094b8                        PROVIDE (__init_array_end = .)
                0x080094b8                        . = ALIGN (0x4)

.fini_array     0x080094b8        0x4
                0x080094b8                        . = ALIGN (0x4)
                [!provide]                        PROVIDE (__fini_array_start = .)
 *(SORT_BY_NAME(.fini_array.*))
 *(.fini_array*)
 .fini_array    0x080094b8        0x4 /home/khanhtranvan/Downloads/makeself_dir_7qmUQT/y/plugins/com.st.stm32cube.ide.mcu.externaltools.gnu-tools-for-stm32.14.3.rel1.linux64_1.0.100.202602081740/tools/bin/../lib/gcc/arm-none-eabi/14.3.1/thumb/v7-m/nofp/crtbegin.o
                [!provide]                        PROVIDE (__fini_array_end = .)
                0x080094bc                        . = ALIGN (0x4)
                0x080094bc                        _sidata = LOADADDR (.data)

.rel.dyn        0x080094bc        0x0
 .rel.iplt      0x080094bc        0x0 /home/khanhtranvan/Downloads/makeself_dir_7qmUQT/y/plugins/com.st.stm32cube.ide.mcu.externaltools.gnu-tools-for-stm32.14.3.rel1.linux64_1.0.100.202602081740/tools/bin/../lib/gcc/arm-none-eabi/14.3.1/thumb/v7-m/nofp/crtbegin.o

.data           0x20000000       0x88 load address 0x080094bc
                0x20000000                        . = ALIGN (0x4)
                0x20000000                        _sdata = .
 *(.data)
 *(.data*)
 .data.prev_w.7
                0x20000000        0x1 ./APP/button.o
 .data.prev_s.6
                0x20000001        0x1 ./APP/button.o
 .data.prev_a.5
                0x20000002        0x1 ./APP/button.o
 .data.prev_d.4
                0x20000003        0x1 ./APP/button.o
 .data.prev_i.3
                0x20000004        0x1 ./APP/button.o
 .data.prev_k.2
                0x20000005        0x1 ./APP/button.o
 .data.prev_e.1
                0x20000006        0x1 ./APP/button.o
 .data.prev_e.0
                0x20000007        0x1 ./APP/button.o
 .data.Font_11x18
                0x20000008        0x8 ./ST7789-STM32_STD_Lib/ST7789/fonts.o
                0x20000008                Font_11x18
 .data.Font_16x26
                0x20000010        0x8 ./ST7789-STM32_STD_Lib/ST7789/fonts.o
                0x20000010                Font_16x26
 .data.Stat     0x20000018        0x1 ./STM32F103-SDCARD/Lib/sdlib/fatfs_sd.o
 *fill*         0x20000019        0x3 
 .data.USER_Driver
                0x2000001c       0x14 ./STM32F103-SDCARD/Lib/sdlib/user_diskio.o
                0x2000001c                USER_Driver
 .data.cnc_state
                0x20000030        0x1 ./Src/main.o
                0x20000030                cnc_state
 *fill*         0x20000031        0x3 
 .data.SystemCoreClock
                0x20000034        0x4 ./Src/system_stm32f10x.o
                0x20000034                SystemCoreClock
 .data._impure_ptr
                0x20000038        0x4 /home/khanhtranvan/Downloads/makeself_dir_7qmUQT/y/plugins/com.st.stm32cube.ide.mcu.externaltools.gnu-tools-for-stm32.14.3.rel1.linux64_1.0.100.202602081740/tools/bin/../lib/gcc/arm-none-eabi/14.3.1/../../../../arm-none-eabi/lib/thumb/v7-m/nofp/libc_nano.a(libc_a-impure.o)
                0x20000038                _impure_ptr
 .data._impure_data
                0x2000003c       0x4c /home/khanhtranvan/Downloads/makeself_dir_7qmUQT/y/plugins/com.st.stm32cube.ide.mcu.externaltools.gnu-tools-for-stm32.14.3.rel1.linux64_1.0.100.202602081740/tools/bin/../lib/gcc/arm-none-eabi/14.3.1/../../../../arm-none-eabi/lib/thumb/v7-m/nofp/libc_nano.a(libc_a-impure.o)
                0x2000003c                _impure_data
 *(.RamFunc)
 *(.RamFunc*)
                0x20000088                        . = ALIGN (0x4)
                0x20000088                        _edata = .

.igot.plt       0x20000088        0x0 load address 0x08009544
 .igot.plt      0x20000088        0x0 /home/khanhtranvan/Downloads/makeself_dir_7qmUQT/y/plugins/com.st.stm32cube.ide.mcu.externaltools.gnu-tools-for-stm32.14.3.rel1.linux64_1.0.100.202602081740/tools/bin/../lib/gcc/arm-none-eabi/14.3.1/thumb/v7-m/nofp/crtbegin.o
                0x20000088                        . = ALIGN (0x4)

.bss            0x20000088     0x157c load address 0x08009544
                0x20000088                        _sbss = .
                0x20000088                        __bss_start__ = _sbss
 *(.bss)
 .bss           0x20000088       0x1c /home/khanhtranvan/Downloads/makeself_dir_7qmUQT/y/plugins/com.st.stm32cube.ide.mcu.externaltools.gnu-tools-for-stm32.14.3.rel1.linux64_1.0.100.202602081740/tools/bin/../lib/gcc/arm-none-eabi/14.3.1/thumb/v7-m/nofp/crtbegin.o
 *(.bss*)
 .bss.file_list
                0x200000a4      0x28a ./APP/file_browser.o
                0x200000a4                file_list
 .bss.total_files
                0x2000032e        0x2 ./APP/file_browser.o
                0x2000032e                total_files
 .bss.cursor_pos
                0x20000330        0x2 ./APP/file_browser.o
                0x20000330                cursor_pos
 .bss.prev_cursor_pos
                0x20000332        0x2 ./APP/file_browser.o
 .bss.selected_gcode_file
                0x20000334        0xd ./APP/file_browser.o
                0x20000334                selected_gcode_file
 .bss.flag_file_selected
                0x20000341        0x1 ./APP/file_browser.o
                0x20000341                flag_file_selected
 .bss.grbl_ok_received
                0x20000342        0x1 ./APP/grbl_com.o
                0x20000342                grbl_ok_received
 .bss.grbl_error_received
                0x20000343        0x1 ./APP/grbl_com.o
                0x20000343                grbl_error_received
 .bss.prev_char.0
                0x20000344        0x1 ./APP/grbl_com.o
 *fill*         0x20000345        0x3 
 .bss.TimingDelay
                0x20000348        0x4 ./ST7789-STM32_STD_Lib/ST7789/st7789.o
 .bss.fatfs     0x2000034c     0x1030 ./STM32F103-SDCARD/BSP/sdcard.o
                0x2000034c                fatfs
 .bss.state_mount
                0x2000137c        0x1 ./STM32F103-SDCARD/BSP/sdcard.o
                0x2000137c                state_mount
 .bss.state_unmount
                0x2000137d        0x1 ./STM32F103-SDCARD/BSP/sdcard.o
                0x2000137d                state_unmount
 .bss.retUSER   0x2000137e        0x1 ./STM32F103-SDCARD/Lib/sdlib/fatfs.o
                0x2000137e                retUSER
 *fill*         0x2000137f        0x1 
 .bss.USERPath  0x20001380        0x4 ./STM32F103-SDCARD/Lib/sdlib/fatfs.o
                0x20001380                USERPath
 .bss.Timer1    0x20001384        0x1 ./STM32F103-SDCARD/Lib/sdlib/fatfs_sd.o
                0x20001384                Timer1
 .bss.Timer2    0x20001385        0x1 ./STM32F103-SDCARD/Lib/sdlib/fatfs_sd.o
                0x20001385                Timer2
 .bss.CardType  0x20001386        0x1 ./STM32F103-SDCARD/Lib/sdlib/fatfs_sd.o
 .bss.PowerFlag
                0x20001387        0x1 ./STM32F103-SDCARD/Lib/sdlib/fatfs_sd.o
 .bss.FatFs     0x20001388        0x4 ./STM32F103-SDCARD/Middleware/FatFs/src/ff.o
 .bss.Fsid      0x2000138c        0x2 ./STM32F103-SDCARD/Middleware/FatFs/src/ff.o
 *fill*         0x2000138e        0x2 
 .bss.Files     0x20001390       0x18 ./STM32F103-SDCARD/Middleware/FatFs/src/ff.o
 .bss.disk      0x200013a8        0xc ./STM32F103-SDCARD/Middleware/FatFs/src/ff_gen_drv.o
                0x200013a8                disk
 .bss.line_buffer
                0x200013b4      0x100 ./Src/main.o
                0x200013b4                line_buffer
 .bss.prev_jog_key
                0x200014b4        0x1 ./Src/main.o
 *fill*         0x200014b5        0x3 
 .bss.__sbrk_heap_end
                0x200014b8        0x4 ./Src/sysmem.o
 .bss.__sf      0x200014bc      0x138 /home/khanhtranvan/Downloads/makeself_dir_7qmUQT/y/plugins/com.st.stm32cube.ide.mcu.externaltools.gnu-tools-for-stm32.14.3.rel1.linux64_1.0.100.202602081740/tools/bin/../lib/gcc/arm-none-eabi/14.3.1/../../../../arm-none-eabi/lib/thumb/v7-m/nofp/libc_nano.a(libc_a-findfp.o)
                0x200014bc                __sf
 .bss.errno     0x200015f4        0x4 /home/khanhtranvan/Downloads/makeself_dir_7qmUQT/y/plugins/com.st.stm32cube.ide.mcu.externaltools.gnu-tools-for-stm32.14.3.rel1.linux64_1.0.100.202602081740/tools/bin/../lib/gcc/arm-none-eabi/14.3.1/../../../../arm-none-eabi/lib/thumb/v7-m/nofp/libc_nano.a(libc_a-reent.o)
                0x200015f4                errno
 .bss.__lock___malloc_recursive_mutex
                0x200015f8        0x1 /home/khanhtranvan/Downloads/makeself_dir_7qmUQT/y/plugins/com.st.stm32cube.ide.mcu.externaltools.gnu-tools-for-stm32.14.3.rel1.linux64_1.0.100.202602081740/tools/bin/../lib/gcc/arm-none-eabi/14.3.1/../../../../arm-none-eabi/lib/thumb/v7-m/nofp/libc_nano.a(libc_a-lock.o)
                0x200015f8                __lock___malloc_recursive_mutex
 *fill*         0x200015f9        0x3 
 .bss.__malloc_sbrk_start
                0x200015fc        0x4 /home/khanhtranvan/Downloads/makeself_dir_7qmUQT/y/plugins/com.st.stm32cube.ide.mcu.externaltools.gnu-tools-for-stm32.14.3.rel1.linux64_1.0.100.202602081740/tools/bin/../lib/gcc/arm-none-eabi/14.3.1/../../../../arm-none-eabi/lib/thumb/v7-m/nofp/libc_nano.a(libc_a-mallocr.o)
                0x200015fc                __malloc_sbrk_start
 .bss.__malloc_free_list
                0x20001600        0x4 /home/khanhtranvan/Downloads/makeself_dir_7qmUQT/y/plugins/com.st.stm32cube.ide.mcu.externaltools.gnu-tools-for-stm32.14.3.rel1.linux64_1.0.100.202602081740/tools/bin/../lib/gcc/arm-none-eabi/14.3.1/../../../../arm-none-eabi/lib/thumb/v7-m/nofp/libc_nano.a(libc_a-mallocr.o)
                0x20001600                __malloc_free_list
 *(COMMON)
                0x20001604                        . = ALIGN (0x4)
                0x20001604                        _ebss = .
                0x20001604                        __bss_end__ = _ebss

._user_heap_stack
                0x20001604      0x604 load address 0x08009544
                0x20001608                        . = ALIGN (0x8)
 *fill*         0x20001604        0x4 
                [!provide]                        PROVIDE (end = .)
                0x20001608                        PROVIDE (_end = .)
                0x20001808                        . = (. + _Min_Heap_Size)
 *fill*         0x20001608      0x200 
                0x20001c08                        . = (. + _Min_Stack_Size)
 *fill*         0x20001808      0x400 
                0x20001c08                        . = ALIGN (0x8)

/DISCARD/
 libc.a(*)
 libm.a(*)
 libgcc.a(*)

.ARM.attributes
                0x00000000       0x29
 *(.ARM.attributes)
 .ARM.attributes
                0x00000000       0x1d /home/khanhtranvan/Downloads/makeself_dir_7qmUQT/y/plugins/com.st.stm32cube.ide.mcu.externaltools.gnu-tools-for-stm32.14.3.rel1.linux64_1.0.100.202602081740/tools/bin/../lib/gcc/arm-none-eabi/14.3.1/thumb/v7-m/nofp/crti.o
 .ARM.attributes
                0x0000001d       0x2d /home/khanhtranvan/Downloads/makeself_dir_7qmUQT/y/plugins/com.st.stm32cube.ide.mcu.externaltools.gnu-tools-for-stm32.14.3.rel1.linux64_1.0.100.202602081740/tools/bin/../lib/gcc/arm-none-eabi/14.3.1/thumb/v7-m/nofp/crtbegin.o
 .ARM.attributes
                0x0000004a       0x2d ./APP/button.o
 .ARM.attributes
                0x00000077       0x2d ./APP/file_browser.o
 .ARM.attributes
                0x000000a4       0x2d ./APP/grbl_com.o
 .ARM.attributes
                0x000000d1       0x2d ./Interrupt/stm32f10x_it.o
 .ARM.attributes
                0x000000fe       0x2d ./Libraries/STM32F10x_StdPeriph_Driver/src/misc.o
 .ARM.attributes
                0x0000012b       0x2d ./Libraries/STM32F10x_StdPeriph_Driver/src/stm32f10x_gpio.o
 .ARM.attributes
                0x00000158       0x2d ./Libraries/STM32F10x_StdPeriph_Driver/src/stm32f10x_rcc.o
 .ARM.attributes
                0x00000185       0x2d ./Libraries/STM32F10x_StdPeriph_Driver/src/stm32f10x_spi.o
 .ARM.attributes
                0x000001b2       0x2d ./Libraries/STM32F10x_StdPeriph_Driver/src/stm32f10x_usart.o
 .ARM.attributes
                0x000001df       0x2d ./ST7789-STM32_STD_Lib/ST7789/fonts.o
 .ARM.attributes
                0x0000020c       0x2d ./ST7789-STM32_STD_Lib/ST7789/st7789.o
 .ARM.attributes
                0x00000239       0x2d ./STM32F103-SDCARD/BSP/sdcard.o
 .ARM.attributes
                0x00000266       0x2d ./STM32F103-SDCARD/Driver/gpio.o
 .ARM.attributes
                0x00000293       0x2d ./STM32F103-SDCARD/Driver/spi.o
 .ARM.attributes
                0x000002c0       0x2d ./STM32F103-SDCARD/Lib/sdlib/fatfs.o
 .ARM.attributes
                0x000002ed       0x2d ./STM32F103-SDCARD/Lib/sdlib/fatfs_sd.o
 .ARM.attributes
                0x0000031a       0x2d ./STM32F103-SDCARD/Lib/sdlib/user_diskio.o
 .ARM.attributes
                0x00000347       0x2d ./STM32F103-SDCARD/Middleware/FatFs/src/diskio.o
 .ARM.attributes
                0x00000374       0x2d ./STM32F103-SDCARD/Middleware/FatFs/src/ff.o
 .ARM.attributes
                0x000003a1       0x2d ./STM32F103-SDCARD/Middleware/FatFs/src/ff_gen_drv.o
 .ARM.attributes
                0x000003ce       0x2d ./Src/main.o
 .ARM.attributes
                0x000003fb       0x2d ./Src/sysmem.o
 .ARM.attributes
                0x00000428       0x2d ./Src/system_stm32f10x.o
 .ARM.attributes
                0x00000455       0x21 ./Startup/startup_stm32f103c8tx.o
 .ARM.attributes
                0x00000476       0x2d /home/khanhtranvan/Downloads/makeself_dir_7qmUQT/y/plugins/com.st.stm32cube.ide.mcu.externaltools.gnu-tools-for-stm32.14.3.rel1.linux64_1.0.100.202602081740/tools/bin/../lib/gcc/arm-none-eabi/14.3.1/../../../../arm-none-eabi/lib/thumb/v7-m/nofp/libc_nano.a(libc_a-findfp.o)
 .ARM.attributes
                0x000004a3       0x2d /home/khanhtranvan/Downloads/makeself_dir_7qmUQT/y/plugins/com.st.stm32cube.ide.mcu.externaltools.gnu-tools-for-stm32.14.3.rel1.linux64_1.0.100.202602081740/tools/bin/../lib/gcc/arm-none-eabi/14.3.1/../../../../arm-none-eabi/lib/thumb/v7-m/nofp/libc_nano.a(libc_a-sprintf.o)
 .ARM.attributes
                0x000004d0       0x2d /home/khanhtranvan/Downloads/makeself_dir_7qmUQT/y/plugins/com.st.stm32cube.ide.mcu.externaltools.gnu-tools-for-stm32.14.3.rel1.linux64_1.0.100.202602081740/tools/bin/../lib/gcc/arm-none-eabi/14.3.1/../../../../arm-none-eabi/lib/thumb/v7-m/nofp/libc_nano.a(libc_a-strncpy.o)
 .ARM.attributes
                0x000004fd       0x2d /home/khanhtranvan/Downloads/makeself_dir_7qmUQT/y/plugins/com.st.stm32cube.ide.mcu.externaltools.gnu-tools-for-stm32.14.3.rel1.linux64_1.0.100.202602081740/tools/bin/../lib/gcc/arm-none-eabi/14.3.1/../../../../arm-none-eabi/lib/thumb/v7-m/nofp/libc_nano.a(libc_a-reent.o)
 .ARM.attributes
                0x0000052a       0x2d /home/khanhtranvan/Downloads/makeself_dir_7qmUQT/y/plugins/com.st.stm32cube.ide.mcu.externaltools.gnu-tools-for-stm32.14.3.rel1.linux64_1.0.100.202602081740/tools/bin/../lib/gcc/arm-none-eabi/14.3.1/../../../../arm-none-eabi/lib/thumb/v7-m/nofp/libc_nano.a(libc_a-impure.o)
 .ARM.attributes
                0x00000557       0x2d /home/khanhtranvan/Downloads/makeself_dir_7qmUQT/y/plugins/com.st.stm32cube.ide.mcu.externaltools.gnu-tools-for-stm32.14.3.rel1.linux64_1.0.100.202602081740/tools/bin/../lib/gcc/arm-none-eabi/14.3.1/../../../../arm-none-eabi/lib/thumb/v7-m/nofp/libc_nano.a(libc_a-errno.o)
 .ARM.attributes
                0x00000584       0x2d /home/khanhtranvan/Downloads/makeself_dir_7qmUQT/y/plugins/com.st.stm32cube.ide.mcu.externaltools.gnu-tools-for-stm32.14.3.rel1.linux64_1.0.100.202602081740/tools/bin/../lib/gcc/arm-none-eabi/14.3.1/../../../../arm-none-eabi/lib/thumb/v7-m/nofp/libc_nano.a(libc_a-init.o)
 .ARM.attributes
                0x000005b1       0x2d /home/khanhtranvan/Downloads/makeself_dir_7qmUQT/y/plugins/com.st.stm32cube.ide.mcu.externaltools.gnu-tools-for-stm32.14.3.rel1.linux64_1.0.100.202602081740/tools/bin/../lib/gcc/arm-none-eabi/14.3.1/../../../../arm-none-eabi/lib/thumb/v7-m/nofp/libc_nano.a(libc_a-lock.o)
 .ARM.attributes
                0x000005de       0x17 /home/khanhtranvan/Downloads/makeself_dir_7qmUQT/y/plugins/com.st.stm32cube.ide.mcu.externaltools.gnu-tools-for-stm32.14.3.rel1.linux64_1.0.100.202602081740/tools/bin/../lib/gcc/arm-none-eabi/14.3.1/../../../../arm-none-eabi/lib/thumb/v7-m/nofp/libc_nano.a(libc_a-strlen.o)
 .ARM.attributes
                0x000005f5       0x2d /home/khanhtranvan/Downloads/makeself_dir_7qmUQT/y/plugins/com.st.stm32cube.ide.mcu.externaltools.gnu-tools-for-stm32.14.3.rel1.linux64_1.0.100.202602081740/tools/bin/../lib/gcc/arm-none-eabi/14.3.1/../../../../arm-none-eabi/lib/thumb/v7-m/nofp/libc_nano.a(libc_a-freer.o)
 .ARM.attributes
                0x00000622       0x2d /home/khanhtranvan/Downloads/makeself_dir_7qmUQT/y/plugins/com.st.stm32cube.ide.mcu.externaltools.gnu-tools-for-stm32.14.3.rel1.linux64_1.0.100.202602081740/tools/bin/../lib/gcc/arm-none-eabi/14.3.1/../../../../arm-none-eabi/lib/thumb/v7-m/nofp/libc_nano.a(libc_a-mallocr.o)
 .ARM.attributes
                0x0000064f       0x2d /home/khanhtranvan/Downloads/makeself_dir_7qmUQT/y/plugins/com.st.stm32cube.ide.mcu.externaltools.gnu-tools-for-stm32.14.3.rel1.linux64_1.0.100.202602081740/tools/bin/../lib/gcc/arm-none-eabi/14.3.1/../../../../arm-none-eabi/lib/thumb/v7-m/nofp/libc_nano.a(libc_a-mlock.o)
 .ARM.attributes
                0x0000067c       0x2d /home/khanhtranvan/Downloads/makeself_dir_7qmUQT/y/plugins/com.st.stm32cube.ide.mcu.externaltools.gnu-tools-for-stm32.14.3.rel1.linux64_1.0.100.202602081740/tools/bin/../lib/gcc/arm-none-eabi/14.3.1/../../../../arm-none-eabi/lib/thumb/v7-m/nofp/libc_nano.a(libc_a-nano-svfprintf.o)
 .ARM.attributes
                0x000006a9       0x2d /home/khanhtranvan/Downloads/makeself_dir_7qmUQT/y/plugins/com.st.stm32cube.ide.mcu.externaltools.gnu-tools-for-stm32.14.3.rel1.linux64_1.0.100.202602081740/tools/bin/../lib/gcc/arm-none-eabi/14.3.1/../../../../arm-none-eabi/lib/thumb/v7-m/nofp/libc_nano.a(libc_a-nano-vfprintf_i.o)
 .ARM.attributes
                0x000006d6       0x2d /home/khanhtranvan/Downloads/makeself_dir_7qmUQT/y/plugins/com.st.stm32cube.ide.mcu.externaltools.gnu-tools-for-stm32.14.3.rel1.linux64_1.0.100.202602081740/tools/bin/../lib/gcc/arm-none-eabi/14.3.1/../../../../arm-none-eabi/lib/thumb/v7-m/nofp/libc_nano.a(libc_a-memmove.o)
 .ARM.attributes
                0x00000703       0x2d /home/khanhtranvan/Downloads/makeself_dir_7qmUQT/y/plugins/com.st.stm32cube.ide.mcu.externaltools.gnu-tools-for-stm32.14.3.rel1.linux64_1.0.100.202602081740/tools/bin/../lib/gcc/arm-none-eabi/14.3.1/../../../../arm-none-eabi/lib/thumb/v7-m/nofp/libc_nano.a(libc_a-sbrkr.o)
 .ARM.attributes
                0x00000730       0x2d /home/khanhtranvan/Downloads/makeself_dir_7qmUQT/y/plugins/com.st.stm32cube.ide.mcu.externaltools.gnu-tools-for-stm32.14.3.rel1.linux64_1.0.100.202602081740/tools/bin/../lib/gcc/arm-none-eabi/14.3.1/../../../../arm-none-eabi/lib/thumb/v7-m/nofp/libc_nano.a(libc_a-memchr-stub.o)
 .ARM.attributes
                0x0000075d       0x2d /home/khanhtranvan/Downloads/makeself_dir_7qmUQT/y/plugins/com.st.stm32cube.ide.mcu.externaltools.gnu-tools-for-stm32.14.3.rel1.linux64_1.0.100.202602081740/tools/bin/../lib/gcc/arm-none-eabi/14.3.1/../../../../arm-none-eabi/lib/thumb/v7-m/nofp/libc_nano.a(libc_a-memcpy-stub.o)
 .ARM.attributes
                0x0000078a       0x2d /home/khanhtranvan/Downloads/makeself_dir_7qmUQT/y/plugins/com.st.stm32cube.ide.mcu.externaltools.gnu-tools-for-stm32.14.3.rel1.linux64_1.0.100.202602081740/tools/bin/../lib/gcc/arm-none-eabi/14.3.1/../../../../arm-none-eabi/lib/thumb/v7-m/nofp/libc_nano.a(libc_a-reallocr.o)
 .ARM.attributes
                0x000007b7       0x2d /home/khanhtranvan/Downloads/makeself_dir_7qmUQT/y/plugins/com.st.stm32cube.ide.mcu.externaltools.gnu-tools-for-stm32.14.3.rel1.linux64_1.0.100.202602081740/tools/bin/../lib/gcc/arm-none-eabi/14.3.1/../../../../arm-none-eabi/lib/thumb/v7-m/nofp/libc_nano.a(libc_a-msizer.o)
 .ARM.attributes
                0x000007e4       0x1d /home/khanhtranvan/Downloads/makeself_dir_7qmUQT/y/plugins/com.st.stm32cube.ide.mcu.externaltools.gnu-tools-for-stm32.14.3.rel1.linux64_1.0.100.202602081740/tools/bin/../lib/gcc/arm-none-eabi/14.3.1/thumb/v7-m/nofp/crtn.o
OUTPUT(mini_sd_test.elf elf32-littlearm)
LOAD linker stubs
LOAD /home/khanhtranvan/Downloads/makeself_dir_7qmUQT/y/plugins/com.st.stm32cube.ide.mcu.externaltools.gnu-tools-for-stm32.14.3.rel1.linux64_1.0.100.202602081740/tools/bin/../lib/gcc/arm-none-eabi/14.3.1/../../../../arm-none-eabi/lib/thumb/v7-m/nofp/libc.a
LOAD /home/khanhtranvan/Downloads/makeself_dir_7qmUQT/y/plugins/com.st.stm32cube.ide.mcu.externaltools.gnu-tools-for-stm32.14.3.rel1.linux64_1.0.100.202602081740/tools/bin/../lib/gcc/arm-none-eabi/14.3.1/../../../../arm-none-eabi/lib/thumb/v7-m/nofp/libm.a
LOAD /home/khanhtranvan/Downloads/makeself_dir_7qmUQT/y/plugins/com.st.stm32cube.ide.mcu.externaltools.gnu-tools-for-stm32.14.3.rel1.linux64_1.0.100.202602081740/tools/bin/../lib/gcc/arm-none-eabi/14.3.1/thumb/v7-m/nofp/libgcc.a

.debug_info     0x00000000     0xa838
 .debug_info    0x00000000      0x37b ./APP/button.o
 .debug_info    0x0000037b      0x730 ./APP/file_browser.o
 .debug_info    0x00000aab      0x833 ./APP/grbl_com.o
 .debug_info    0x000012de      0x11b ./Interrupt/stm32f10x_it.o
 .debug_info    0x000013f9      0x4fa ./Libraries/STM32F10x_StdPeriph_Driver/src/misc.o
 .debug_info    0x000018f3      0x6da ./Libraries/STM32F10x_StdPeriph_Driver/src/stm32f10x_gpio.o
 .debug_info    0x00001fcd      0x858 ./Libraries/STM32F10x_StdPeriph_Driver/src/stm32f10x_rcc.o
 .debug_info    0x00002825      0x908 ./Libraries/STM32F10x_StdPeriph_Driver/src/stm32f10x_spi.o
 .debug_info    0x0000312d      0x9f1 ./Libraries/STM32F10x_StdPeriph_Driver/src/stm32f10x_usart.o
 .debug_info    0x00003b1e      0x1e9 ./ST7789-STM32_STD_Lib/ST7789/fonts.o
 .debug_info    0x00003d07     0x10d4 ./ST7789-STM32_STD_Lib/ST7789/st7789.o
 .debug_info    0x00004ddb      0x8c0 ./STM32F103-SDCARD/BSP/sdcard.o
 .debug_info    0x0000569b      0x395 ./STM32F103-SDCARD/Driver/gpio.o
 .debug_info    0x00005a30      0x51e ./STM32F103-SDCARD/Driver/spi.o
 .debug_info    0x00005f4e      0x4d6 ./STM32F103-SDCARD/Lib/sdlib/fatfs.o
 .debug_info    0x00006424      0x5dd ./STM32F103-SDCARD/Lib/sdlib/fatfs_sd.o
 .debug_info    0x00006a01      0x3a5 ./STM32F103-SDCARD/Lib/sdlib/user_diskio.o
 .debug_info    0x00006da6      0x3d3 ./STM32F103-SDCARD/Middleware/FatFs/src/diskio.o
 .debug_info    0x00007179     0x20d4 ./STM32F103-SDCARD/Middleware/FatFs/src/ff.o
 .debug_info    0x0000924d      0x373 ./STM32F103-SDCARD/Middleware/FatFs/src/ff_gen_drv.o
 .debug_info    0x000095c0      0xc57 ./Src/main.o
 .debug_info    0x0000a217      0x168 ./Src/sysmem.o
 .debug_info    0x0000a37f      0x489 ./Src/system_stm32f10x.o
 .debug_info    0x0000a808       0x30 ./Startup/startup_stm32f103c8tx.o

.debug_abbrev   0x00000000     0x29b9
 .debug_abbrev  0x00000000      0x196 ./APP/button.o
 .debug_abbrev  0x00000196      0x260 ./APP/file_browser.o
 .debug_abbrev  0x000003f6      0x217 ./APP/grbl_com.o
 .debug_abbrev  0x0000060d       0x73 ./Interrupt/stm32f10x_it.o
 .debug_abbrev  0x00000680      0x17f ./Libraries/STM32F10x_StdPeriph_Driver/src/misc.o
 .debug_abbrev  0x000007ff      0x217 ./Libraries/STM32F10x_StdPeriph_Driver/src/stm32f10x_gpio.o
 .debug_abbrev  0x00000a16      0x1e3 ./Libraries/STM32F10x_StdPeriph_Driver/src/stm32f10x_rcc.o
 .debug_abbrev  0x00000bf9      0x1dc ./Libraries/STM32F10x_StdPeriph_Driver/src/stm32f10x_spi.o
 .debug_abbrev  0x00000dd5      0x1bf ./Libraries/STM32F10x_StdPeriph_Driver/src/stm32f10x_usart.o
 .debug_abbrev  0x00000f94       0xd3 ./ST7789-STM32_STD_Lib/ST7789/fonts.o
 .debug_abbrev  0x00001067      0x2c5 ./ST7789-STM32_STD_Lib/ST7789/st7789.o
 .debug_abbrev  0x0000132c      0x265 ./STM32F103-SDCARD/BSP/sdcard.o
 .debug_abbrev  0x00001591      0x18f ./STM32F103-SDCARD/Driver/gpio.o
 .debug_abbrev  0x00001720      0x1d3 ./STM32F103-SDCARD/Driver/spi.o
 .debug_abbrev  0x000018f3      0x1a8 ./STM32F103-SDCARD/Lib/sdlib/fatfs.o
 .debug_abbrev  0x00001a9b      0x230 ./STM32F103-SDCARD/Lib/sdlib/fatfs_sd.o
 .debug_abbrev  0x00001ccb      0x144 ./STM32F103-SDCARD/Lib/sdlib/user_diskio.o
 .debug_abbrev  0x00001e0f      0x181 ./STM32F103-SDCARD/Middleware/FatFs/src/diskio.o
 .debug_abbrev  0x00001f90      0x2da ./STM32F103-SDCARD/Middleware/FatFs/src/ff.o
 .debug_abbrev  0x0000226a      0x19f ./STM32F103-SDCARD/Middleware/FatFs/src/ff_gen_drv.o
 .debug_abbrev  0x00002409      0x350 ./Src/main.o
 .debug_abbrev  0x00002759       0xbc ./Src/sysmem.o
 .debug_abbrev  0x00002815      0x180 ./Src/system_stm32f10x.o
 .debug_abbrev  0x00002995       0x24 ./Startup/startup_stm32f103c8tx.o

.debug_aranges  0x00000000      0xb50
 .debug_aranges
                0x00000000       0x38 ./APP/button.o
 .debug_aranges
                0x00000038       0x40 ./APP/file_browser.o
 .debug_aranges
                0x00000078       0x40 ./APP/grbl_com.o
 .debug_aranges
                0x000000b8       0x68 ./Interrupt/stm32f10x_it.o
 .debug_aranges
                0x00000120       0x40 ./Libraries/STM32F10x_StdPeriph_Driver/src/misc.o
 .debug_aranges
                0x00000160       0xa8 ./Libraries/STM32F10x_StdPeriph_Driver/src/stm32f10x_gpio.o
 .debug_aranges
                0x00000208      0x118 ./Libraries/STM32F10x_StdPeriph_Driver/src/stm32f10x_rcc.o
 .debug_aranges
                0x00000320       0xd0 ./Libraries/STM32F10x_StdPeriph_Driver/src/stm32f10x_spi.o
 .debug_aranges
                0x000003f0      0x100 ./Libraries/STM32F10x_StdPeriph_Driver/src/stm32f10x_usart.o
 .debug_aranges
                0x000004f0       0x18 ./ST7789-STM32_STD_Lib/ST7789/fonts.o
 .debug_aranges
                0x00000508      0x100 ./ST7789-STM32_STD_Lib/ST7789/st7789.o
 .debug_aranges
                0x00000608       0x88 ./STM32F103-SDCARD/BSP/sdcard.o
 .debug_aranges
                0x00000690       0x48 ./STM32F103-SDCARD/Driver/gpio.o
 .debug_aranges
                0x000006d8       0x48 ./STM32F103-SDCARD/Driver/spi.o
 .debug_aranges
                0x00000720       0x28 ./STM32F103-SDCARD/Lib/sdlib/fatfs.o
 .debug_aranges
                0x00000748       0xa0 ./STM32F103-SDCARD/Lib/sdlib/fatfs_sd.o
 .debug_aranges
                0x000007e8       0x40 ./STM32F103-SDCARD/Lib/sdlib/user_diskio.o
 .debug_aranges
                0x00000828       0x48 ./STM32F103-SDCARD/Middleware/FatFs/src/diskio.o
 .debug_aranges
                0x00000870      0x1e8 ./STM32F103-SDCARD/Middleware/FatFs/src/ff.o
 .debug_aranges
                0x00000a58       0x40 ./STM32F103-SDCARD/Middleware/FatFs/src/ff_gen_drv.o
 .debug_aranges
                0x00000a98       0x38 ./Src/main.o
 .debug_aranges
                0x00000ad0       0x20 ./Src/sysmem.o
 .debug_aranges
                0x00000af0       0x38 ./Src/system_stm32f10x.o
 .debug_aranges
                0x00000b28       0x28 ./Startup/startup_stm32f103c8tx.o

.debug_rnglists
                0x00000000      0x85d
 .debug_rnglists
                0x00000000       0x27 ./APP/button.o
 .debug_rnglists
                0x00000027       0x3b ./APP/file_browser.o
 .debug_rnglists
                0x00000062       0x2e ./APP/grbl_com.o
 .debug_rnglists
                0x00000090       0x49 ./Interrupt/stm32f10x_it.o
 .debug_rnglists
                0x000000d9       0x2c ./Libraries/STM32F10x_StdPeriph_Driver/src/misc.o
 .debug_rnglists
                0x00000105       0x7d ./Libraries/STM32F10x_StdPeriph_Driver/src/stm32f10x_gpio.o
 .debug_rnglists
                0x00000182       0xce ./Libraries/STM32F10x_StdPeriph_Driver/src/stm32f10x_rcc.o
 .debug_rnglists
                0x00000250       0x99 ./Libraries/STM32F10x_StdPeriph_Driver/src/stm32f10x_spi.o
 .debug_rnglists
                0x000002e9       0xbf ./Libraries/STM32F10x_StdPeriph_Driver/src/stm32f10x_usart.o
 .debug_rnglists
                0x000003a8       0xc7 ./ST7789-STM32_STD_Lib/ST7789/st7789.o
 .debug_rnglists
                0x0000046f       0x64 ./STM32F103-SDCARD/BSP/sdcard.o
 .debug_rnglists
                0x000004d3       0x32 ./STM32F103-SDCARD/Driver/gpio.o
 .debug_rnglists
                0x00000505       0x32 ./STM32F103-SDCARD/Driver/spi.o
 .debug_rnglists
                0x00000537       0x19 ./STM32F103-SDCARD/Lib/sdlib/fatfs.o
 .debug_rnglists
                0x00000550       0x7a ./STM32F103-SDCARD/Lib/sdlib/fatfs_sd.o
 .debug_rnglists
                0x000005ca       0x2b ./STM32F103-SDCARD/Lib/sdlib/user_diskio.o
 .debug_rnglists
                0x000005f5       0x31 ./STM32F103-SDCARD/Middleware/FatFs/src/diskio.o
 .debug_rnglists
                0x00000626      0x191 ./STM32F103-SDCARD/Middleware/FatFs/src/ff.o
 .debug_rnglists
                0x000007b7       0x2c ./STM32F103-SDCARD/Middleware/FatFs/src/ff_gen_drv.o
 .debug_rnglists
                0x000007e3       0x27 ./Src/main.o
 .debug_rnglists
                0x0000080a       0x13 ./Src/sysmem.o
 .debug_rnglists
                0x0000081d       0x27 ./Src/system_stm32f10x.o
 .debug_rnglists
                0x00000844       0x19 ./Startup/startup_stm32f103c8tx.o

.debug_macro    0x00000000     0xe7e0
 .debug_macro   0x00000000       0xbf ./APP/button.o
 .debug_macro   0x000000bf      0xad2 ./APP/button.o
 .debug_macro   0x00000b91       0x6a ./APP/button.o
 .debug_macro   0x00000bfb       0x34 ./APP/button.o
 .debug_macro   0x00000c2f       0x22 ./APP/button.o
 .debug_macro   0x00000c51       0x8e ./APP/button.o
 .debug_macro   0x00000cdf       0x51 ./APP/button.o
 .debug_macro   0x00000d30      0x103 ./APP/button.o
 .debug_macro   0x00000e33       0x6a ./APP/button.o
 .debug_macro   0x00000e9d      0x1df ./APP/button.o
 .debug_macro   0x0000107c       0x18 ./APP/button.o
 .debug_macro   0x00001094      0x663 ./APP/button.o
 .debug_macro   0x000016f7     0x7ee4 ./APP/button.o
 .debug_macro   0x000095db      0x2ad ./APP/button.o
 .debug_macro   0x00009888      0x3e2 ./APP/button.o
 .debug_macro   0x00009c6a       0x3a ./APP/button.o
 .debug_macro   0x00009ca4      0x29e ./APP/file_browser.o
 .debug_macro   0x00009f42       0xe0 ./APP/file_browser.o
 .debug_macro   0x0000a022       0xf5 ./APP/file_browser.o
 .debug_macro   0x0000a117       0x8e ./APP/file_browser.o
 .debug_macro   0x0000a1a5       0x61 ./APP/file_browser.o
 .debug_macro   0x0000a206       0x24 ./APP/file_browser.o
 .debug_macro   0x0000a22a       0x43 ./APP/file_browser.o
 .debug_macro   0x0000a26d       0x34 ./APP/file_browser.o
 .debug_macro   0x0000a2a1       0x16 ./APP/file_browser.o
 .debug_macro   0x0000a2b7       0x9e ./APP/file_browser.o
 .debug_macro   0x0000a355      0x364 ./APP/file_browser.o
 .debug_macro   0x0000a6b9      0x112 ./APP/file_browser.o
 .debug_macro   0x0000a7cb       0x10 ./APP/file_browser.o
 .debug_macro   0x0000a7db       0x16 ./APP/file_browser.o
 .debug_macro   0x0000a7f1       0x4a ./APP/file_browser.o
 .debug_macro   0x0000a83b       0x34 ./APP/file_browser.o
 .debug_macro   0x0000a86f       0x10 ./APP/file_browser.o
 .debug_macro   0x0000a87f       0x58 ./APP/file_browser.o
 .debug_macro   0x0000a8d7       0x8e ./APP/file_browser.o
 .debug_macro   0x0000a965       0x1c ./APP/file_browser.o
 .debug_macro   0x0000a981      0x17e ./APP/file_browser.o
 .debug_macro   0x0000aaff       0x16 ./APP/file_browser.o
 .debug_macro   0x0000ab15       0x16 ./APP/file_browser.o
 .debug_macro   0x0000ab2b      0x146 ./APP/file_browser.o
 .debug_macro   0x0000ac71       0x16 ./APP/file_browser.o
 .debug_macro   0x0000ac87       0x3c ./APP/file_browser.o
 .debug_macro   0x0000acc3       0x16 ./APP/file_browser.o
 .debug_macro   0x0000acd9       0x29 ./APP/file_browser.o
 .debug_macro   0x0000ad02       0x16 ./APP/file_browser.o
 .debug_macro   0x0000ad18       0x20 ./APP/file_browser.o
 .debug_macro   0x0000ad38      0x2c4 ./APP/file_browser.o
 .debug_macro   0x0000affc      0x3b0 ./APP/file_browser.o
 .debug_macro   0x0000b3ac      0x221 ./APP/file_browser.o
 .debug_macro   0x0000b5cd       0x28 ./APP/file_browser.o
 .debug_macro   0x0000b5f5       0x3a ./APP/file_browser.o
 .debug_macro   0x0000b62f       0x58 ./APP/file_browser.o
 .debug_macro   0x0000b687      0x241 ./APP/grbl_com.o
 .debug_macro   0x0000b8c8      0x229 ./APP/grbl_com.o
 .debug_macro   0x0000baf1       0x8c ./APP/grbl_com.o
 .debug_macro   0x0000bb7d       0x40 ./APP/grbl_com.o
 .debug_macro   0x0000bbbd       0xa8 ./Interrupt/stm32f10x_it.o
 .debug_macro   0x0000bc65       0xb3 ./Libraries/STM32F10x_StdPeriph_Driver/src/misc.o
 .debug_macro   0x0000bd18       0x86 ./Libraries/STM32F10x_StdPeriph_Driver/src/misc.o
 .debug_macro   0x0000bd9e      0x104 ./Libraries/STM32F10x_StdPeriph_Driver/src/stm32f10x_gpio.o
 .debug_macro   0x0000bea2      0x2a7 ./Libraries/STM32F10x_StdPeriph_Driver/src/stm32f10x_gpio.o
 .debug_macro   0x0000c149      0x1cd ./Libraries/STM32F10x_StdPeriph_Driver/src/stm32f10x_rcc.o
 .debug_macro   0x0000c316      0x3dc ./Libraries/STM32F10x_StdPeriph_Driver/src/stm32f10x_rcc.o
 .debug_macro   0x0000c6f2      0x11c ./Libraries/STM32F10x_StdPeriph_Driver/src/stm32f10x_spi.o
 .debug_macro   0x0000c80e      0x2be ./Libraries/STM32F10x_StdPeriph_Driver/src/stm32f10x_spi.o
 .debug_macro   0x0000cacc      0x16a ./Libraries/STM32F10x_StdPeriph_Driver/src/stm32f10x_usart.o
 .debug_macro   0x0000cc36      0x223 ./Libraries/STM32F10x_StdPeriph_Driver/src/stm32f10x_usart.o
 .debug_macro   0x0000ce59       0x6d ./ST7789-STM32_STD_Lib/ST7789/fonts.o
 .debug_macro   0x0000cec6      0x21c ./ST7789-STM32_STD_Lib/ST7789/st7789.o
 .debug_macro   0x0000d0e2       0x5b ./ST7789-STM32_STD_Lib/ST7789/st7789.o
 .debug_macro   0x0000d13d       0x94 ./ST7789-STM32_STD_Lib/ST7789/st7789.o
 .debug_macro   0x0000d1d1       0x57 ./ST7789-STM32_STD_Lib/ST7789/st7789.o
 .debug_macro   0x0000d228      0x215 ./STM32F103-SDCARD/BSP/sdcard.o
 .debug_macro   0x0000d43d       0x34 ./STM32F103-SDCARD/BSP/sdcard.o
 .debug_macro   0x0000d471       0xbf ./STM32F103-SDCARD/Driver/gpio.o
 .debug_macro   0x0000d530       0xd2 ./STM32F103-SDCARD/Driver/spi.o
 .debug_macro   0x0000d602       0xeb ./STM32F103-SDCARD/Lib/sdlib/fatfs.o
 .debug_macro   0x0000d6ed      0x109 ./STM32F103-SDCARD/Lib/sdlib/fatfs_sd.o
 .debug_macro   0x0000d7f6       0x16 ./STM32F103-SDCARD/Lib/sdlib/fatfs_sd.o
 .debug_macro   0x0000d80c       0x7c ./STM32F103-SDCARD/Lib/sdlib/fatfs_sd.o
 .debug_macro   0x0000d888       0x6a ./STM32F103-SDCARD/Lib/sdlib/fatfs_sd.o
 .debug_macro   0x0000d8f2      0x1ae ./STM32F103-SDCARD/Lib/sdlib/user_diskio.o
 .debug_macro   0x0000daa0      0x190 ./STM32F103-SDCARD/Lib/sdlib/user_diskio.o
 .debug_macro   0x0000dc30       0x10 ./STM32F103-SDCARD/Lib/sdlib/user_diskio.o
 .debug_macro   0x0000dc40       0xde ./STM32F103-SDCARD/Middleware/FatFs/src/diskio.o
 .debug_macro   0x0000dd1e      0x292 ./STM32F103-SDCARD/Middleware/FatFs/src/ff.o
 .debug_macro   0x0000dfb0       0x58 ./STM32F103-SDCARD/Middleware/FatFs/src/ff.o
 .debug_macro   0x0000e008       0xd8 ./STM32F103-SDCARD/Middleware/FatFs/src/ff_gen_drv.o
 .debug_macro   0x0000e0e0      0x2d9 ./Src/main.o
 .debug_macro   0x0000e3b9       0x2e ./Src/main.o
 .debug_macro   0x0000e3e7      0x112 ./Src/sysmem.o
 .debug_macro   0x0000e4f9      0x23c ./Src/sysmem.o
 .debug_macro   0x0000e735       0xab ./Src/system_stm32f10x.o

.debug_line     0x00000000     0xe859
 .debug_line    0x00000000      0x7df ./APP/button.o
 .debug_line    0x000007df      0xb3a ./APP/file_browser.o
 .debug_line    0x00001319      0x95b ./APP/grbl_com.o
 .debug_line    0x00001c74      0x595 ./Interrupt/stm32f10x_it.o
 .debug_line    0x00002209      0x65a ./Libraries/STM32F10x_StdPeriph_Driver/src/misc.o
 .debug_line    0x00002863      0x962 ./Libraries/STM32F10x_StdPeriph_Driver/src/stm32f10x_gpio.o
 .debug_line    0x000031c5      0xb1a ./Libraries/STM32F10x_StdPeriph_Driver/src/stm32f10x_rcc.o
 .debug_line    0x00003cdf      0x9c7 ./Libraries/STM32F10x_StdPeriph_Driver/src/stm32f10x_spi.o
 .debug_line    0x000046a6      0xaf0 ./Libraries/STM32F10x_StdPeriph_Driver/src/stm32f10x_usart.o
 .debug_line    0x00005196      0x3ba ./ST7789-STM32_STD_Lib/ST7789/fonts.o
 .debug_line    0x00005550      0xf61 ./ST7789-STM32_STD_Lib/ST7789/st7789.o
 .debug_line    0x000064b1      0xa85 ./STM32F103-SDCARD/BSP/sdcard.o
 .debug_line    0x00006f36      0x649 ./STM32F103-SDCARD/Driver/gpio.o
 .debug_line    0x0000757f      0x680 ./STM32F103-SDCARD/Driver/spi.o
 .debug_line    0x00007bff      0x60c ./STM32F103-SDCARD/Lib/sdlib/fatfs.o
 .debug_line    0x0000820b      0xcdc ./STM32F103-SDCARD/Lib/sdlib/fatfs_sd.o
 .debug_line    0x00008ee7      0x7bc ./STM32F103-SDCARD/Lib/sdlib/user_diskio.o
 .debug_line    0x000096a3      0x64b ./STM32F103-SDCARD/Middleware/FatFs/src/diskio.o
 .debug_line    0x00009cee     0x2c74 ./STM32F103-SDCARD/Middleware/FatFs/src/ff.o
 .debug_line    0x0000c962      0x64a ./STM32F103-SDCARD/Middleware/FatFs/src/ff_gen_drv.o
 .debug_line    0x0000cfac      0xc8a ./Src/main.o
 .debug_line    0x0000dc36      0x535 ./Src/sysmem.o
 .debug_line    0x0000e16b      0x673 ./Src/system_stm32f10x.o
 .debug_line    0x0000e7de       0x7b ./Startup/startup_stm32f103c8tx.o

.debug_str      0x00000000    0x44706
 .debug_str     0x00000000    0x44706 ./APP/button.o
                              0x363da (size before relaxing)
 .debug_str     0x00044706    0x3eaaf ./APP/file_browser.o
 .debug_str     0x00044706    0x3fdc7 ./APP/grbl_com.o
 .debug_str     0x00044706    0x32603 ./Interrupt/stm32f10x_it.o
 .debug_str     0x00044706    0x32c79 ./Libraries/STM32F10x_StdPeriph_Driver/src/misc.o
 .debug_str     0x00044706    0x366ef ./Libraries/STM32F10x_StdPeriph_Driver/src/stm32f10x_gpio.o
 .debug_str     0x00044706    0x34ff8 ./Libraries/STM32F10x_StdPeriph_Driver/src/stm32f10x_rcc.o
 .debug_str     0x00044706    0x36276 ./Libraries/STM32F10x_StdPeriph_Driver/src/stm32f10x_spi.o
 .debug_str     0x00044706    0x36193 ./Libraries/STM32F10x_StdPeriph_Driver/src/stm32f10x_usart.o
 .debug_str     0x00044706     0x3df5 ./ST7789-STM32_STD_Lib/ST7789/fonts.o
 .debug_str     0x00044706    0x3e350 ./ST7789-STM32_STD_Lib/ST7789/st7789.o
 .debug_str     0x00044706    0x3c0e8 ./STM32F103-SDCARD/BSP/sdcard.o
 .debug_str     0x00044706    0x363f7 ./STM32F103-SDCARD/Driver/gpio.o
 .debug_str     0x00044706    0x37c3c ./STM32F103-SDCARD/Driver/spi.o
 .debug_str     0x00044706    0x32ea9 ./STM32F103-SDCARD/Lib/sdlib/fatfs.o
 .debug_str     0x00044706    0x37d3f ./STM32F103-SDCARD/Lib/sdlib/fatfs_sd.o
 .debug_str     0x00044706    0x36402 ./STM32F103-SDCARD/Lib/sdlib/user_diskio.o
 .debug_str     0x00044706    0x32ddf ./STM32F103-SDCARD/Middleware/FatFs/src/diskio.o
 .debug_str     0x00044706     0x4555 ./STM32F103-SDCARD/Middleware/FatFs/src/ff.o
 .debug_str     0x00044706    0x32e13 ./STM32F103-SDCARD/Middleware/FatFs/src/ff_gen_drv.o
 .debug_str     0x00044706    0x4091c ./Src/main.o
 .debug_str     0x00044706     0x76b5 ./Src/sysmem.o
 .debug_str     0x00044706    0x326f2 ./Src/system_stm32f10x.o
 .debug_str     0x00044706       0x82 ./Startup/startup_stm32f103c8tx.o

.comment        0x00000000       0x43
 .comment       0x00000000       0x43 ./APP/button.o
                                 0x44 (size before relaxing)
 .comment       0x00000043       0x44 ./APP/file_browser.o
 .comment       0x00000043       0x44 ./APP/grbl_com.o
 .comment       0x00000043       0x44 ./Interrupt/stm32f10x_it.o
 .comment       0x00000043       0x44 ./Libraries/STM32F10x_StdPeriph_Driver/src/misc.o
 .comment       0x00000043       0x44 ./Libraries/STM32F10x_StdPeriph_Driver/src/stm32f10x_gpio.o
 .comment       0x00000043       0x44 ./Libraries/STM32F10x_StdPeriph_Driver/src/stm32f10x_rcc.o
 .comment       0x00000043       0x44 ./Libraries/STM32F10x_StdPeriph_Driver/src/stm32f10x_spi.o
 .comment       0x00000043       0x44 ./Libraries/STM32F10x_StdPeriph_Driver/src/stm32f10x_usart.o
 .comment       0x00000043       0x44 ./ST7789-STM32_STD_Lib/ST7789/fonts.o
 .comment       0x00000043       0x44 ./ST7789-STM32_STD_Lib/ST7789/st7789.o
 .comment       0x00000043       0x44 ./STM32F103-SDCARD/BSP/sdcard.o
 .comment       0x00000043       0x44 ./STM32F103-SDCARD/Driver/gpio.o
 .comment       0x00000043       0x44 ./STM32F103-SDCARD/Driver/spi.o
 .comment       0x00000043       0x44 ./STM32F103-SDCARD/Lib/sdlib/fatfs.o
 .comment       0x00000043       0x44 ./STM32F103-SDCARD/Lib/sdlib/fatfs_sd.o
 .comment       0x00000043       0x44 ./STM32F103-SDCARD/Lib/sdlib/user_diskio.o
 .comment       0x00000043       0x44 ./STM32F103-SDCARD/Middleware/FatFs/src/diskio.o
 .comment       0x00000043       0x44 ./STM32F103-SDCARD/Middleware/FatFs/src/ff.o
 .comment       0x00000043       0x44 ./STM32F103-SDCARD/Middleware/FatFs/src/ff_gen_drv.o
 .comment       0x00000043       0x44 ./Src/main.o
 .comment       0x00000043       0x44 ./Src/sysmem.o
 .comment       0x00000043       0x44 ./Src/system_stm32f10x.o

.debug_frame    0x00000000     0x2f88
 .debug_frame   0x00000000       0xa0 ./APP/button.o
 .debug_frame   0x000000a0       0xcc ./APP/file_browser.o
 .debug_frame   0x0000016c       0xc8 ./APP/grbl_com.o
 .debug_frame   0x00000234      0x118 ./Interrupt/stm32f10x_it.o
 .debug_frame   0x0000034c       0xc4 ./Libraries/STM32F10x_StdPeriph_Driver/src/misc.o
 .debug_frame   0x00000410      0x290 ./Libraries/STM32F10x_StdPeriph_Driver/src/stm32f10x_gpio.o
 .debug_frame   0x000006a0      0x478 ./Libraries/STM32F10x_StdPeriph_Driver/src/stm32f10x_rcc.o
 .debug_frame   0x00000b18      0x34c ./Libraries/STM32F10x_StdPeriph_Driver/src/stm32f10x_spi.o
 .debug_frame   0x00000e64      0x424 ./Libraries/STM32F10x_StdPeriph_Driver/src/stm32f10x_usart.o
 .debug_frame   0x00001288      0x464 ./ST7789-STM32_STD_Lib/ST7789/st7789.o
 .debug_frame   0x000016ec      0x1f4 ./STM32F103-SDCARD/BSP/sdcard.o
 .debug_frame   0x000018e0       0xe8 ./STM32F103-SDCARD/Driver/gpio.o
 .debug_frame   0x000019c8       0xd0 ./STM32F103-SDCARD/Driver/spi.o
 .debug_frame   0x00001a98       0x48 ./STM32F103-SDCARD/Lib/sdlib/fatfs.o
 .debug_frame   0x00001ae0      0x25c ./STM32F103-SDCARD/Lib/sdlib/fatfs_sd.o
 .debug_frame   0x00001d3c       0xc4 ./STM32F103-SDCARD/Lib/sdlib/user_diskio.o
 .debug_frame   0x00001e00       0xe8 ./STM32F103-SDCARD/Middleware/FatFs/src/diskio.o
 .debug_frame   0x00001ee8      0x8a8 ./STM32F103-SDCARD/Middleware/FatFs/src/ff.o
 .debug_frame   0x00002790       0xbc ./STM32F103-SDCARD/Middleware/FatFs/src/ff_gen_drv.o
 .debug_frame   0x0000284c       0x9c ./Src/main.o
 .debug_frame   0x000028e8       0x34 ./Src/sysmem.o
 .debug_frame   0x0000291c       0x90 ./Src/system_stm32f10x.o
 .debug_frame   0x000029ac      0x144 /home/khanhtranvan/Downloads/makeself_dir_7qmUQT/y/plugins/com.st.stm32cube.ide.mcu.externaltools.gnu-tools-for-stm32.14.3.rel1.linux64_1.0.100.202602081740/tools/bin/../lib/gcc/arm-none-eabi/14.3.1/../../../../arm-none-eabi/lib/thumb/v7-m/nofp/libc_nano.a(libc_a-findfp.o)
 .debug_frame   0x00002af0       0x74 /home/khanhtranvan/Downloads/makeself_dir_7qmUQT/y/plugins/com.st.stm32cube.ide.mcu.externaltools.gnu-tools-for-stm32.14.3.rel1.linux64_1.0.100.202602081740/tools/bin/../lib/gcc/arm-none-eabi/14.3.1/../../../../arm-none-eabi/lib/thumb/v7-m/nofp/libc_nano.a(libc_a-sprintf.o)
 .debug_frame   0x00002b64       0x28 /home/khanhtranvan/Downloads/makeself_dir_7qmUQT/y/plugins/com.st.stm32cube.ide.mcu.externaltools.gnu-tools-for-stm32.14.3.rel1.linux64_1.0.100.202602081740/tools/bin/../lib/gcc/arm-none-eabi/14.3.1/../../../../arm-none-eabi/lib/thumb/v7-m/nofp/libc_nano.a(libc_a-strncpy.o)
 .debug_frame   0x00002b8c       0x38 /home/khanhtranvan/Downloads/makeself_dir_7qmUQT/y/plugins/com.st.stm32cube.ide.mcu.externaltools.gnu-tools-for-stm32.14.3.rel1.linux64_1.0.100.202602081740/tools/bin/../lib/gcc/arm-none-eabi/14.3.1/../../../../arm-none-eabi/lib/thumb/v7-m/nofp/libc_nano.a(libc_a-reent.o)
 .debug_frame   0x00002bc4       0x20 /home/khanhtranvan/Downloads/makeself_dir_7qmUQT/y/plugins/com.st.stm32cube.ide.mcu.externaltools.gnu-tools-for-stm32.14.3.rel1.linux64_1.0.100.202602081740/tools/bin/../lib/gcc/arm-none-eabi/14.3.1/../../../../arm-none-eabi/lib/thumb/v7-m/nofp/libc_nano.a(libc_a-errno.o)
 .debug_frame   0x00002be4       0x2c /home/khanhtranvan/Downloads/makeself_dir_7qmUQT/y/plugins/com.st.stm32cube.ide.mcu.externaltools.gnu-tools-for-stm32.14.3.rel1.linux64_1.0.100.202602081740/tools/bin/../lib/gcc/arm-none-eabi/14.3.1/../../../../arm-none-eabi/lib/thumb/v7-m/nofp/libc_nano.a(libc_a-init.o)
 .debug_frame   0x00002c10       0xb0 /home/khanhtranvan/Downloads/makeself_dir_7qmUQT/y/plugins/com.st.stm32cube.ide.mcu.externaltools.gnu-tools-for-stm32.14.3.rel1.linux64_1.0.100.202602081740/tools/bin/../lib/gcc/arm-none-eabi/14.3.1/../../../../arm-none-eabi/lib/thumb/v7-m/nofp/libc_nano.a(libc_a-lock.o)
 .debug_frame   0x00002cc0       0x20 /home/khanhtranvan/Downloads/makeself_dir_7qmUQT/y/plugins/com.st.stm32cube.ide.mcu.externaltools.gnu-tools-for-stm32.14.3.rel1.linux64_1.0.100.202602081740/tools/bin/../lib/gcc/arm-none-eabi/14.3.1/../../../../arm-none-eabi/lib/thumb/v7-m/nofp/libc_nano.a(libc_a-strlen.o)
 .debug_frame   0x00002ce0       0x38 /home/khanhtranvan/Downloads/makeself_dir_7qmUQT/y/plugins/com.st.stm32cube.ide.mcu.externaltools.gnu-tools-for-stm32.14.3.rel1.linux64_1.0.100.202602081740/tools/bin/../lib/gcc/arm-none-eabi/14.3.1/../../../../arm-none-eabi/lib/thumb/v7-m/nofp/libc_nano.a(libc_a-freer.o)
 .debug_frame   0x00002d18       0x50 /home/khanhtranvan/Downloads/makeself_dir_7qmUQT/y/plugins/com.st.stm32cube.ide.mcu.externaltools.gnu-tools-for-stm32.14.3.rel1.linux64_1.0.100.202602081740/tools/bin/../lib/gcc/arm-none-eabi/14.3.1/../../../../arm-none-eabi/lib/thumb/v7-m/nofp/libc_nano.a(libc_a-mallocr.o)
 .debug_frame   0x00002d68       0x30 /home/khanhtranvan/Downloads/makeself_dir_7qmUQT/y/plugins/com.st.stm32cube.ide.mcu.externaltools.gnu-tools-for-stm32.14.3.rel1.linux64_1.0.100.202602081740/tools/bin/../lib/gcc/arm-none-eabi/14.3.1/../../../../arm-none-eabi/lib/thumb/v7-m/nofp/libc_nano.a(libc_a-mlock.o)
 .debug_frame   0x00002d98       0x90 /home/khanhtranvan/Downloads/makeself_dir_7qmUQT/y/plugins/com.st.stm32cube.ide.mcu.externaltools.gnu-tools-for-stm32.14.3.rel1.linux64_1.0.100.202602081740/tools/bin/../lib/gcc/arm-none-eabi/14.3.1/../../../../arm-none-eabi/lib/thumb/v7-m/nofp/libc_nano.a(libc_a-nano-svfprintf.o)
 .debug_frame   0x00002e28       0x60 /home/khanhtranvan/Downloads/makeself_dir_7qmUQT/y/plugins/com.st.stm32cube.ide.mcu.externaltools.gnu-tools-for-stm32.14.3.rel1.linux64_1.0.100.202602081740/tools/bin/../lib/gcc/arm-none-eabi/14.3.1/../../../../arm-none-eabi/lib/thumb/v7-m/nofp/libc_nano.a(libc_a-nano-vfprintf_i.o)
 .debug_frame   0x00002e88       0x28 /home/khanhtranvan/Downloads/makeself_dir_7qmUQT/y/plugins/com.st.stm32cube.ide.mcu.externaltools.gnu-tools-for-stm32.14.3.rel1.linux64_1.0.100.202602081740/tools/bin/../lib/gcc/arm-none-eabi/14.3.1/../../../../arm-none-eabi/lib/thumb/v7-m/nofp/libc_nano.a(libc_a-memmove.o)
 .debug_frame   0x00002eb0       0x2c /home/khanhtranvan/Downloads/makeself_dir_7qmUQT/y/plugins/com.st.stm32cube.ide.mcu.externaltools.gnu-tools-for-stm32.14.3.rel1.linux64_1.0.100.202602081740/tools/bin/../lib/gcc/arm-none-eabi/14.3.1/../../../../arm-none-eabi/lib/thumb/v7-m/nofp/libc_nano.a(libc_a-sbrkr.o)
 .debug_frame   0x00002edc       0x28 /home/khanhtranvan/Downloads/makeself_dir_7qmUQT/y/plugins/com.st.stm32cube.ide.mcu.externaltools.gnu-tools-for-stm32.14.3.rel1.linux64_1.0.100.202602081740/tools/bin/../lib/gcc/arm-none-eabi/14.3.1/../../../../arm-none-eabi/lib/thumb/v7-m/nofp/libc_nano.a(libc_a-memchr-stub.o)
 .debug_frame   0x00002f04       0x28 /home/khanhtranvan/Downloads/makeself_dir_7qmUQT/y/plugins/com.st.stm32cube.ide.mcu.externaltools.gnu-tools-for-stm32.14.3.rel1.linux64_1.0.100.202602081740/tools/bin/../lib/gcc/arm-none-eabi/14.3.1/../../../../arm-none-eabi/lib/thumb/v7-m/nofp/libc_nano.a(libc_a-memcpy-stub.o)
 .debug_frame   0x00002f2c       0x3c /home/khanhtranvan/Downloads/makeself_dir_7qmUQT/y/plugins/com.st.stm32cube.ide.mcu.externaltools.gnu-tools-for-stm32.14.3.rel1.linux64_1.0.100.202602081740/tools/bin/../lib/gcc/arm-none-eabi/14.3.1/../../../../arm-none-eabi/lib/thumb/v7-m/nofp/libc_nano.a(libc_a-reallocr.o)
 .debug_frame   0x00002f68       0x20 /home/khanhtranvan/Downloads/makeself_dir_7qmUQT/y/plugins/com.st.stm32cube.ide.mcu.externaltools.gnu-tools-for-stm32.14.3.rel1.linux64_1.0.100.202602081740/tools/bin/../lib/gcc/arm-none-eabi/14.3.1/../../../../arm-none-eabi/lib/thumb/v7-m/nofp/libc_nano.a(libc_a-msizer.o)

.debug_line_str
                0x00000000       0x66
 .debug_line_str
                0x00000000       0x66 ./Startup/startup_stm32f103c8tx.o