../Interrupt/stm32f10x_it.c:69:6:NMI_Handler	4	static
../Interrupt/stm32f10x_it.c:78:6:HardFault_Handler	4	static
../Interrupt/stm32f10x_it.c:91:6:MemManage_Handler	4	static
../Interrupt/stm32f10x_it.c:104:6:BusFault_Handler	4	static
../Interrupt/stm32f10x_it.c:117:6:UsageFault_Handler	4	static
../Interrupt/stm32f10x_it.c:130:6:SVC_Handler	4	static
../Interrupt/stm32f10x_it.c:139:6:DebugMon_Handler	4	static
../Interrupt/stm32f10x_it.c:148:6:PendSV_Handler	4	static
../Interrupt/stm32f10x_it.c:157:6:SysTick_Handler	8	static
../Interrupt/stm32f10x_it.c:182:6:USART2_IRQHandler	4	static
