../STM32F103-SDCARD/BSP/sdcard.c:28:6:clearBuffer	16	static
../STM32F103-SDCARD/BSP/sdcard.c:34:6:insertBuffer	16	static
../STM32F103-SDCARD/BSP/sdcard.c:39:6:InitSdcard	8	static
../STM32F103-SDCARD/BSP/sdcard.c:46:6:_mountSdcard	8	static
../STM32F103-SDCARD/BSP/sdcard.c:66:6:_unmountSdcard	8	static
../STM32F103-SDCARD/BSP/sdcard.c:86:6:_writeString	16	static
../STM32F103-SDCARD/BSP/sdcard.c:91:6:_readString	24	static
../STM32F103-SDCARD/BSP/sdcard.c:96:6:_openfile	24	static
../STM32F103-SDCARD/BSP/sdcard.c:119:6:_closefile	16	static
../STM32F103-SDCARD/BSP/sdcard.c:125:16:getSpaceInfo	40	static
../STM32F103-SDCARD/BSP/sdcard.c:142:6:_makeDirectory	16	static
../STM32F103-SDCARD/BSP/sdcard.c:152:6:sdcardErrorHandle	16	static
../STM32F103-SDCARD/BSP/sdcard.c:158:14:getFileState	48	static
../STM32F103-SDCARD/BSP/sdcard.c:174:6:SdcardWriteAction	4160	static
